#
# There is insufficient memory for the Java Runtime Environment to continue.
# Native memory allocation (malloc) failed to allocate 868336 bytes. Error detail: Chunk::new
# Possible reasons:
#   The system is out of physical RAM or swap space
#   This process is running with CompressedOops enabled, and the Java Heap may be blocking the growth of the native heap
# Possible solutions:
#   Reduce memory load on the system
#   Increase physical memory or swap space
#   Check if swap backing store is full
#   Decrease Java heap size (-Xmx/-Xms)
#   Decrease number of Java threads
#   Decrease Java thread stack sizes (-Xss)
#   Set larger code cache with -XX:ReservedCodeCacheSize=
#   JVM is running with Zero Based Compressed Oops mode in which the Java heap is
#     placed in the first 32GB address space. The Java Heap base address is the
#     maximum limit for the native heap growth. Please use -XX:HeapBaseMinAddress
#     to set the Java Heap base and to place the Java Heap above 32GB virtual address.
# This output file may be truncated or incomplete.
#
#  Out of Memory Error (arena.cpp:168), pid=13684, tid=14876
#
# JRE version: OpenJDK Runtime Environment JBR-21.0.6+8-631.39-jcef (21.0.6+8) (build 21.0.6+8-b631.39)
# Java VM: OpenJDK 64-Bit Server VM JBR-21.0.6+8-631.39-jcef (21.0.6+8-b631.39, mixed mode, sharing, tiered, compressed oops, compressed class ptrs, g1 gc, windows-amd64)
# No core dump will be written. Minidumps are not enabled by default on client versions of Windows
#

---------------  S U M M A R Y ------------

Command Line: git4idea.http.GitAskPassApp Username for 'https://github.com': 

Host: Intel(R) Core(TM) i5-9600KF CPU @ 3.70GHz, 6 cores, 15G,  Windows 10 , 64 bit Build 19041 (10.0.19041.5915)
Time: Tue Sep 15 23:16:44 2026  Windows 10 , 64 bit Build 19041 (10.0.19041.5915) elapsed time: 0.404022 seconds (0d 0h 0m 0s)

---------------  T H R E A D  ---------------

Current thread (0x0000027416400460):  JavaThread "C2 CompilerThread1" daemon [_thread_in_native, id=14876, stack(0x000000cbc3700000,0x000000cbc3800000) (1024K)]


Current CompileTask:
C2:404 1055       4       sun.security.ec.ECOperations::setDouble (463 bytes)

Stack: [0x000000cbc3700000,0x000000cbc3800000]
Native frames: (J=compiled Java code, j=interpreted, Vv=VM code, C=native code)
V  [jvm.dll+0x6e5d39]
V  [jvm.dll+0x8c4133]
V  [jvm.dll+0x8c668e]
V  [jvm.dll+0x8c6d73]
V  [jvm.dll+0x288f76]
V  [jvm.dll+0xc66dd]
V  [jvm.dll+0xc6c13]
V  [jvm.dll+0x2feb80]
V  [jvm.dll+0x60c8b9]
V  [jvm.dll+0x2598d2]
V  [jvm.dll+0x259c8f]
V  [jvm.dll+0x252435]
V  [jvm.dll+0x24fc8e]
V  [jvm.dll+0x1cd6c4]
V  [jvm.dll+0x25f60c]
V  [jvm.dll+0x25db56]
V  [jvm.dll+0x3ff756]
V  [jvm.dll+0x86bd48]
V  [jvm.dll+0x6e453d]
C  [ucrtbase.dll+0x21bb2]
C  [KERNEL32.DLL+0x17374]
C  [ntdll.dll+0x4cc91]


---------------  P R O C E S S  ---------------

Threads class SMR info:
_java_thread_list=0x00000274163d6350, length=15, elements={
0x00000273b3e004b0, 0x00000273d0a180b0, 0x00000273d0a18fd0, 0x00000273d0a1d530,
0x00000273d0a1e390, 0x00000273d0a295a0, 0x00000273d0a29c30, 0x00000273d0a32e30,
0x00000273d0a33cd0, 0x00000273d0a281f0, 0x00000273d0a28f10, 0x00000273d0a274d0,
0x00000273d0a28880, 0x00000273d0a27b60, 0x0000027416400460
}

Java Threads: ( => current thread )
  0x00000273b3e004b0 JavaThread "main"                              [_thread_blocked, id=23260, stack(0x000000cbc2100000,0x000000cbc2200000) (1024K)]
  0x00000273d0a180b0 JavaThread "Reference Handler"          daemon [_thread_blocked, id=3300, stack(0x000000cbc2900000,0x000000cbc2a00000) (1024K)]
  0x00000273d0a18fd0 JavaThread "Finalizer"                  daemon [_thread_blocked, id=21756, stack(0x000000cbc2a00000,0x000000cbc2b00000) (1024K)]
  0x00000273d0a1d530 JavaThread "Signal Dispatcher"          daemon [_thread_blocked, id=22532, stack(0x000000cbc2b00000,0x000000cbc2c00000) (1024K)]
  0x00000273d0a1e390 JavaThread "Attach Listener"            daemon [_thread_blocked, id=11520, stack(0x000000cbc2c00000,0x000000cbc2d00000) (1024K)]
  0x00000273d0a295a0 JavaThread "Service Thread"             daemon [_thread_blocked, id=3676, stack(0x000000cbc2d00000,0x000000cbc2e00000) (1024K)]
  0x00000273d0a29c30 JavaThread "Monitor Deflation Thread"   daemon [_thread_blocked, id=17708, stack(0x000000cbc2e00000,0x000000cbc2f00000) (1024K)]
  0x00000273d0a32e30 JavaThread "C2 CompilerThread0"         daemon [_thread_blocked, id=10736, stack(0x000000cbc2f00000,0x000000cbc3000000) (1024K)]
  0x00000273d0a33cd0 JavaThread "C1 CompilerThread0"         daemon [_thread_in_vm, id=380, stack(0x000000cbc3000000,0x000000cbc3100000) (1024K)]
  0x00000273d0a281f0 JavaThread "Notification Thread"        daemon [_thread_blocked, id=9636, stack(0x000000cbc3100000,0x000000cbc3200000) (1024K)]
  0x00000273d0a28f10 JavaThread "Common-Cleaner"             daemon [_thread_blocked, id=3404, stack(0x000000cbc3200000,0x000000cbc3300000) (1024K)]
  0x00000273d0a274d0 JavaThread "HttpClient-1-SelectorManager" daemon [_thread_in_native, id=19816, stack(0x000000cbc3300000,0x000000cbc3400000) (1024K)]
  0x00000273d0a28880 JavaThread "HttpClient-1-Worker-0"      daemon [_thread_in_native, id=17240, stack(0x000000cbc3500000,0x000000cbc3600000) (1024K)]
  0x00000273d0a27b60 JavaThread "HttpClient-1-Worker-1"      daemon [_thread_blocked, id=6240, stack(0x000000cbc3600000,0x000000cbc3700000) (1024K)]
=>0x0000027416400460 JavaThread "C2 CompilerThread1"         daemon [_thread_in_native, id=14876, stack(0x000000cbc3700000,0x000000cbc3800000) (1024K)]
Total: 15

Other Threads:
  0x00000273d09fd050 VMThread "VM Thread"                           [id=9340, stack(0x000000cbc2800000,0x000000cbc2900000) (1024K)]
  0x00000273d09e8ce0 WatcherThread "VM Periodic Task Thread"        [id=9772, stack(0x000000cbc2700000,0x000000cbc2800000) (1024K)]
  0x00000273b61f3520 WorkerThread "GC Thread#0"                     [id=16952, stack(0x000000cbc2200000,0x000000cbc2300000) (1024K)]
  0x00000273b62045f0 ConcurrentGCThread "G1 Main Marker"            [id=15464, stack(0x000000cbc2300000,0x000000cbc2400000) (1024K)]
  0x00000273b62050f0 WorkerThread "G1 Conc#0"                       [id=19024, stack(0x000000cbc2400000,0x000000cbc2500000) (1024K)]
  0x00000273d08ac530 ConcurrentGCThread "G1 Refine#0"               [id=10760, stack(0x000000cbc2500000,0x000000cbc2600000) (1024K)]
  0x00000273d08ad0a0 ConcurrentGCThread "G1 Service"                [id=11360, stack(0x000000cbc2600000,0x000000cbc2700000) (1024K)]
Total: 7

Threads with active compile tasks:
C1 CompilerThread0  415 1104       3       jdk.internal.org.objectweb.asm.ClassWriter::toByteArray (1517 bytes)
C2 CompilerThread1  415 1055       4       sun.security.ec.ECOperations::setDouble (463 bytes)
Total: 2

VM state: not at safepoint (normal execution)

VM Mutex/Monitor currently owned by a thread: None

Heap address: 0x0000000700c00000, size: 4084 MB, Compressed Oops mode: Zero based, Oop shift amount: 3

CDS archive(s) mapped at: [0x00000273d1000000-0x00000273d1d00000-0x00000273d1d00000), size 13631488, SharedBaseAddress: 0x00000273d1000000, ArchiveRelocationMode: 1.
Compressed class space mapped at: 0x00000273d2000000-0x0000027412000000, reserved size: 1073741824
Narrow klass base: 0x00000273d1000000, Narrow klass shift: 0, Narrow klass range: 0x100000000

GC Precious Log:
 CardTable entry size: 512
 Card Set container configuration: InlinePtr #cards 4 size 8 Array Of Cards #cards 16 size 48 Howl #buckets 8 coarsen threshold 3686 Howl Bitmap #cards 512 size 80 coarsen threshold 460 Card regions per heap region 1 cards per card region 4096
 CPUs: 6 total, 6 available
 Memory: 16328M
 Large Page Support: Disabled
 NUMA Support: Disabled
 Compressed Oops: Enabled (Zero based)
 Heap Region Size: 2M
 Heap Min Capacity: 8M
 Heap Initial Capacity: 256M
 Heap Max Capacity: 4084M
 Pre-touch: Disabled
 Parallel Workers: 6
 Concurrent Workers: 2
 Concurrent Refinement Workers: 6
 Periodic GC: Disabled

Heap:
 garbage-first heap   total 262144K, used 14336K [0x0000000700c00000, 0x0000000800000000)
  region size 2048K, 8 young (16384K), 0 survivors (0K)
 Metaspace       used 8867K, committed 9152K, reserved 1114112K
  class space    used 1016K, committed 1152K, reserved 1048576K

Heap Regions: E=young(eden), S=young(survivor), O=old, HS=humongous(starts), HC=humongous(continues), CS=collection set, F=free, TAMS=top-at-mark-start, PB=parsable bottom
|   0|0x0000000700c00000, 0x0000000700c00000, 0x0000000700e00000|  0%| F|  |TAMS 0x0000000700c00000| PB 0x0000000700c00000| Untracked 
|   1|0x0000000700e00000, 0x0000000700e00000, 0x0000000701000000|  0%| F|  |TAMS 0x0000000700e00000| PB 0x0000000700e00000| Untracked 
|   2|0x0000000701000000, 0x0000000701000000, 0x0000000701200000|  0%| F|  |TAMS 0x0000000701000000| PB 0x0000000701000000| Untracked 
|   3|0x0000000701200000, 0x0000000701200000, 0x0000000701400000|  0%| F|  |TAMS 0x0000000701200000| PB 0x0000000701200000| Untracked 
|   4|0x0000000701400000, 0x0000000701400000, 0x0000000701600000|  0%| F|  |TAMS 0x0000000701400000| PB 0x0000000701400000| Untracked 
|   5|0x0000000701600000, 0x0000000701600000, 0x0000000701800000|  0%| F|  |TAMS 0x0000000701600000| PB 0x0000000701600000| Untracked 
|   6|0x0000000701800000, 0x0000000701800000, 0x0000000701a00000|  0%| F|  |TAMS 0x0000000701800000| PB 0x0000000701800000| Untracked 
|   7|0x0000000701a00000, 0x0000000701a00000, 0x0000000701c00000|  0%| F|  |TAMS 0x0000000701a00000| PB 0x0000000701a00000| Untracked 
|   8|0x0000000701c00000, 0x0000000701c00000, 0x0000000701e00000|  0%| F|  |TAMS 0x0000000701c00000| PB 0x0000000701c00000| Untracked 
|   9|0x0000000701e00000, 0x0000000701e00000, 0x0000000702000000|  0%| F|  |TAMS 0x0000000701e00000| PB 0x0000000701e00000| Untracked 
|  10|0x0000000702000000, 0x0000000702000000, 0x0000000702200000|  0%| F|  |TAMS 0x0000000702000000| PB 0x0000000702000000| Untracked 
|  11|0x0000000702200000, 0x0000000702200000, 0x0000000702400000|  0%| F|  |TAMS 0x0000000702200000| PB 0x0000000702200000| Untracked 
|  12|0x0000000702400000, 0x0000000702400000, 0x0000000702600000|  0%| F|  |TAMS 0x0000000702400000| PB 0x0000000702400000| Untracked 
|  13|0x0000000702600000, 0x0000000702600000, 0x0000000702800000|  0%| F|  |TAMS 0x0000000702600000| PB 0x0000000702600000| Untracked 
|  14|0x0000000702800000, 0x0000000702800000, 0x0000000702a00000|  0%| F|  |TAMS 0x0000000702800000| PB 0x0000000702800000| Untracked 
|  15|0x0000000702a00000, 0x0000000702a00000, 0x0000000702c00000|  0%| F|  |TAMS 0x0000000702a00000| PB 0x0000000702a00000| Untracked 
|  16|0x0000000702c00000, 0x0000000702c00000, 0x0000000702e00000|  0%| F|  |TAMS 0x0000000702c00000| PB 0x0000000702c00000| Untracked 
|  17|0x0000000702e00000, 0x0000000702e00000, 0x0000000703000000|  0%| F|  |TAMS 0x0000000702e00000| PB 0x0000000702e00000| Untracked 
|  18|0x0000000703000000, 0x0000000703000000, 0x0000000703200000|  0%| F|  |TAMS 0x0000000703000000| PB 0x0000000703000000| Untracked 
|  19|0x0000000703200000, 0x0000000703200000, 0x0000000703400000|  0%| F|  |TAMS 0x0000000703200000| PB 0x0000000703200000| Untracked 
|  20|0x0000000703400000, 0x0000000703400000, 0x0000000703600000|  0%| F|  |TAMS 0x0000000703400000| PB 0x0000000703400000| Untracked 
|  21|0x0000000703600000, 0x0000000703600000, 0x0000000703800000|  0%| F|  |TAMS 0x0000000703600000| PB 0x0000000703600000| Untracked 
|  22|0x0000000703800000, 0x0000000703800000, 0x0000000703a00000|  0%| F|  |TAMS 0x0000000703800000| PB 0x0000000703800000| Untracked 
|  23|0x0000000703a00000, 0x0000000703a00000, 0x0000000703c00000|  0%| F|  |TAMS 0x0000000703a00000| PB 0x0000000703a00000| Untracked 
|  24|0x0000000703c00000, 0x0000000703c00000, 0x0000000703e00000|  0%| F|  |TAMS 0x0000000703c00000| PB 0x0000000703c00000| Untracked 
|  25|0x0000000703e00000, 0x0000000703e00000, 0x0000000704000000|  0%| F|  |TAMS 0x0000000703e00000| PB 0x0000000703e00000| Untracked 
|  26|0x0000000704000000, 0x0000000704000000, 0x0000000704200000|  0%| F|  |TAMS 0x0000000704000000| PB 0x0000000704000000| Untracked 
|  27|0x0000000704200000, 0x0000000704200000, 0x0000000704400000|  0%| F|  |TAMS 0x0000000704200000| PB 0x0000000704200000| Untracked 
|  28|0x0000000704400000, 0x0000000704400000, 0x0000000704600000|  0%| F|  |TAMS 0x0000000704400000| PB 0x0000000704400000| Untracked 
|  29|0x0000000704600000, 0x0000000704600000, 0x0000000704800000|  0%| F|  |TAMS 0x0000000704600000| PB 0x0000000704600000| Untracked 
|  30|0x0000000704800000, 0x0000000704800000, 0x0000000704a00000|  0%| F|  |TAMS 0x0000000704800000| PB 0x0000000704800000| Untracked 
|  31|0x0000000704a00000, 0x0000000704a00000, 0x0000000704c00000|  0%| F|  |TAMS 0x0000000704a00000| PB 0x0000000704a00000| Untracked 
|  32|0x0000000704c00000, 0x0000000704c00000, 0x0000000704e00000|  0%| F|  |TAMS 0x0000000704c00000| PB 0x0000000704c00000| Untracked 
|  33|0x0000000704e00000, 0x0000000704e00000, 0x0000000705000000|  0%| F|  |TAMS 0x0000000704e00000| PB 0x0000000704e00000| Untracked 
|  34|0x0000000705000000, 0x0000000705000000, 0x0000000705200000|  0%| F|  |TAMS 0x0000000705000000| PB 0x0000000705000000| Untracked 
|  35|0x0000000705200000, 0x0000000705200000, 0x0000000705400000|  0%| F|  |TAMS 0x0000000705200000| PB 0x0000000705200000| Untracked 
|  36|0x0000000705400000, 0x0000000705400000, 0x0000000705600000|  0%| F|  |TAMS 0x0000000705400000| PB 0x0000000705400000| Untracked 
|  37|0x0000000705600000, 0x0000000705600000, 0x0000000705800000|  0%| F|  |TAMS 0x0000000705600000| PB 0x0000000705600000| Untracked 
|  38|0x0000000705800000, 0x0000000705800000, 0x0000000705a00000|  0%| F|  |TAMS 0x0000000705800000| PB 0x0000000705800000| Untracked 
|  39|0x0000000705a00000, 0x0000000705a00000, 0x0000000705c00000|  0%| F|  |TAMS 0x0000000705a00000| PB 0x0000000705a00000| Untracked 
|  40|0x0000000705c00000, 0x0000000705c00000, 0x0000000705e00000|  0%| F|  |TAMS 0x0000000705c00000| PB 0x0000000705c00000| Untracked 
|  41|0x0000000705e00000, 0x0000000705e00000, 0x0000000706000000|  0%| F|  |TAMS 0x0000000705e00000| PB 0x0000000705e00000| Untracked 
|  42|0x0000000706000000, 0x0000000706000000, 0x0000000706200000|  0%| F|  |TAMS 0x0000000706000000| PB 0x0000000706000000| Untracked 
|  43|0x0000000706200000, 0x0000000706200000, 0x0000000706400000|  0%| F|  |TAMS 0x0000000706200000| PB 0x0000000706200000| Untracked 
|  44|0x0000000706400000, 0x0000000706400000, 0x0000000706600000|  0%| F|  |TAMS 0x0000000706400000| PB 0x0000000706400000| Untracked 
|  45|0x0000000706600000, 0x0000000706600000, 0x0000000706800000|  0%| F|  |TAMS 0x0000000706600000| PB 0x0000000706600000| Untracked 
|  46|0x0000000706800000, 0x0000000706800000, 0x0000000706a00000|  0%| F|  |TAMS 0x0000000706800000| PB 0x0000000706800000| Untracked 
|  47|0x0000000706a00000, 0x0000000706a00000, 0x0000000706c00000|  0%| F|  |TAMS 0x0000000706a00000| PB 0x0000000706a00000| Untracked 
|  48|0x0000000706c00000, 0x0000000706c00000, 0x0000000706e00000|  0%| F|  |TAMS 0x0000000706c00000| PB 0x0000000706c00000| Untracked 
|  49|0x0000000706e00000, 0x0000000706e00000, 0x0000000707000000|  0%| F|  |TAMS 0x0000000706e00000| PB 0x0000000706e00000| Untracked 
|  50|0x0000000707000000, 0x0000000707000000, 0x0000000707200000|  0%| F|  |TAMS 0x0000000707000000| PB 0x0000000707000000| Untracked 
|  51|0x0000000707200000, 0x0000000707200000, 0x0000000707400000|  0%| F|  |TAMS 0x0000000707200000| PB 0x0000000707200000| Untracked 
|  52|0x0000000707400000, 0x0000000707400000, 0x0000000707600000|  0%| F|  |TAMS 0x0000000707400000| PB 0x0000000707400000| Untracked 
|  53|0x0000000707600000, 0x0000000707600000, 0x0000000707800000|  0%| F|  |TAMS 0x0000000707600000| PB 0x0000000707600000| Untracked 
|  54|0x0000000707800000, 0x0000000707800000, 0x0000000707a00000|  0%| F|  |TAMS 0x0000000707800000| PB 0x0000000707800000| Untracked 
|  55|0x0000000707a00000, 0x0000000707a00000, 0x0000000707c00000|  0%| F|  |TAMS 0x0000000707a00000| PB 0x0000000707a00000| Untracked 
|  56|0x0000000707c00000, 0x0000000707c00000, 0x0000000707e00000|  0%| F|  |TAMS 0x0000000707c00000| PB 0x0000000707c00000| Untracked 
|  57|0x0000000707e00000, 0x0000000707e00000, 0x0000000708000000|  0%| F|  |TAMS 0x0000000707e00000| PB 0x0000000707e00000| Untracked 
|  58|0x0000000708000000, 0x0000000708000000, 0x0000000708200000|  0%| F|  |TAMS 0x0000000708000000| PB 0x0000000708000000| Untracked 
|  59|0x0000000708200000, 0x0000000708200000, 0x0000000708400000|  0%| F|  |TAMS 0x0000000708200000| PB 0x0000000708200000| Untracked 
|  60|0x0000000708400000, 0x0000000708400000, 0x0000000708600000|  0%| F|  |TAMS 0x0000000708400000| PB 0x0000000708400000| Untracked 
|  61|0x0000000708600000, 0x0000000708600000, 0x0000000708800000|  0%| F|  |TAMS 0x0000000708600000| PB 0x0000000708600000| Untracked 
|  62|0x0000000708800000, 0x0000000708800000, 0x0000000708a00000|  0%| F|  |TAMS 0x0000000708800000| PB 0x0000000708800000| Untracked 
|  63|0x0000000708a00000, 0x0000000708a00000, 0x0000000708c00000|  0%| F|  |TAMS 0x0000000708a00000| PB 0x0000000708a00000| Untracked 
|  64|0x0000000708c00000, 0x0000000708c00000, 0x0000000708e00000|  0%| F|  |TAMS 0x0000000708c00000| PB 0x0000000708c00000| Untracked 
|  65|0x0000000708e00000, 0x0000000708e00000, 0x0000000709000000|  0%| F|  |TAMS 0x0000000708e00000| PB 0x0000000708e00000| Untracked 
|  66|0x0000000709000000, 0x0000000709000000, 0x0000000709200000|  0%| F|  |TAMS 0x0000000709000000| PB 0x0000000709000000| Untracked 
|  67|0x0000000709200000, 0x0000000709200000, 0x0000000709400000|  0%| F|  |TAMS 0x0000000709200000| PB 0x0000000709200000| Untracked 
|  68|0x0000000709400000, 0x0000000709400000, 0x0000000709600000|  0%| F|  |TAMS 0x0000000709400000| PB 0x0000000709400000| Untracked 
|  69|0x0000000709600000, 0x0000000709600000, 0x0000000709800000|  0%| F|  |TAMS 0x0000000709600000| PB 0x0000000709600000| Untracked 
|  70|0x0000000709800000, 0x0000000709800000, 0x0000000709a00000|  0%| F|  |TAMS 0x0000000709800000| PB 0x0000000709800000| Untracked 
|  71|0x0000000709a00000, 0x0000000709a00000, 0x0000000709c00000|  0%| F|  |TAMS 0x0000000709a00000| PB 0x0000000709a00000| Untracked 
|  72|0x0000000709c00000, 0x0000000709c00000, 0x0000000709e00000|  0%| F|  |TAMS 0x0000000709c00000| PB 0x0000000709c00000| Untracked 
|  73|0x0000000709e00000, 0x0000000709e00000, 0x000000070a000000|  0%| F|  |TAMS 0x0000000709e00000| PB 0x0000000709e00000| Untracked 
|  74|0x000000070a000000, 0x000000070a000000, 0x000000070a200000|  0%| F|  |TAMS 0x000000070a000000| PB 0x000000070a000000| Untracked 
|  75|0x000000070a200000, 0x000000070a200000, 0x000000070a400000|  0%| F|  |TAMS 0x000000070a200000| PB 0x000000070a200000| Untracked 
|  76|0x000000070a400000, 0x000000070a400000, 0x000000070a600000|  0%| F|  |TAMS 0x000000070a400000| PB 0x000000070a400000| Untracked 
|  77|0x000000070a600000, 0x000000070a600000, 0x000000070a800000|  0%| F|  |TAMS 0x000000070a600000| PB 0x000000070a600000| Untracked 
|  78|0x000000070a800000, 0x000000070a800000, 0x000000070aa00000|  0%| F|  |TAMS 0x000000070a800000| PB 0x000000070a800000| Untracked 
|  79|0x000000070aa00000, 0x000000070aa00000, 0x000000070ac00000|  0%| F|  |TAMS 0x000000070aa00000| PB 0x000000070aa00000| Untracked 
|  80|0x000000070ac00000, 0x000000070ac00000, 0x000000070ae00000|  0%| F|  |TAMS 0x000000070ac00000| PB 0x000000070ac00000| Untracked 
|  81|0x000000070ae00000, 0x000000070ae00000, 0x000000070b000000|  0%| F|  |TAMS 0x000000070ae00000| PB 0x000000070ae00000| Untracked 
|  82|0x000000070b000000, 0x000000070b000000, 0x000000070b200000|  0%| F|  |TAMS 0x000000070b000000| PB 0x000000070b000000| Untracked 
|  83|0x000000070b200000, 0x000000070b200000, 0x000000070b400000|  0%| F|  |TAMS 0x000000070b200000| PB 0x000000070b200000| Untracked 
|  84|0x000000070b400000, 0x000000070b400000, 0x000000070b600000|  0%| F|  |TAMS 0x000000070b400000| PB 0x000000070b400000| Untracked 
|  85|0x000000070b600000, 0x000000070b600000, 0x000000070b800000|  0%| F|  |TAMS 0x000000070b600000| PB 0x000000070b600000| Untracked 
|  86|0x000000070b800000, 0x000000070b800000, 0x000000070ba00000|  0%| F|  |TAMS 0x000000070b800000| PB 0x000000070b800000| Untracked 
|  87|0x000000070ba00000, 0x000000070ba00000, 0x000000070bc00000|  0%| F|  |TAMS 0x000000070ba00000| PB 0x000000070ba00000| Untracked 
|  88|0x000000070bc00000, 0x000000070bc00000, 0x000000070be00000|  0%| F|  |TAMS 0x000000070bc00000| PB 0x000000070bc00000| Untracked 
|  89|0x000000070be00000, 0x000000070be00000, 0x000000070c000000|  0%| F|  |TAMS 0x000000070be00000| PB 0x000000070be00000| Untracked 
|  90|0x000000070c000000, 0x000000070c000000, 0x000000070c200000|  0%| F|  |TAMS 0x000000070c000000| PB 0x000000070c000000| Untracked 
|  91|0x000000070c200000, 0x000000070c200000, 0x000000070c400000|  0%| F|  |TAMS 0x000000070c200000| PB 0x000000070c200000| Untracked 
|  92|0x000000070c400000, 0x000000070c400000, 0x000000070c600000|  0%| F|  |TAMS 0x000000070c400000| PB 0x000000070c400000| Untracked 
|  93|0x000000070c600000, 0x000000070c600000, 0x000000070c800000|  0%| F|  |TAMS 0x000000070c600000| PB 0x000000070c600000| Untracked 
|  94|0x000000070c800000, 0x000000070c800000, 0x000000070ca00000|  0%| F|  |TAMS 0x000000070c800000| PB 0x000000070c800000| Untracked 
|  95|0x000000070ca00000, 0x000000070ca00000, 0x000000070cc00000|  0%| F|  |TAMS 0x000000070ca00000| PB 0x000000070ca00000| Untracked 
|  96|0x000000070cc00000, 0x000000070cc00000, 0x000000070ce00000|  0%| F|  |TAMS 0x000000070cc00000| PB 0x000000070cc00000| Untracked 
|  97|0x000000070ce00000, 0x000000070ce00000, 0x000000070d000000|  0%| F|  |TAMS 0x000000070ce00000| PB 0x000000070ce00000| Untracked 
|  98|0x000000070d000000, 0x000000070d000000, 0x000000070d200000|  0%| F|  |TAMS 0x000000070d000000| PB 0x000000070d000000| Untracked 
|  99|0x000000070d200000, 0x000000070d200000, 0x000000070d400000|  0%| F|  |TAMS 0x000000070d200000| PB 0x000000070d200000| Untracked 
| 100|0x000000070d400000, 0x000000070d400000, 0x000000070d600000|  0%| F|  |TAMS 0x000000070d400000| PB 0x000000070d400000| Untracked 
| 101|0x000000070d600000, 0x000000070d600000, 0x000000070d800000|  0%| F|  |TAMS 0x000000070d600000| PB 0x000000070d600000| Untracked 
| 102|0x000000070d800000, 0x000000070d800000, 0x000000070da00000|  0%| F|  |TAMS 0x000000070d800000| PB 0x000000070d800000| Untracked 
| 103|0x000000070da00000, 0x000000070da00000, 0x000000070dc00000|  0%| F|  |TAMS 0x000000070da00000| PB 0x000000070da00000| Untracked 
| 104|0x000000070dc00000, 0x000000070dc00000, 0x000000070de00000|  0%| F|  |TAMS 0x000000070dc00000| PB 0x000000070dc00000| Untracked 
| 105|0x000000070de00000, 0x000000070de00000, 0x000000070e000000|  0%| F|  |TAMS 0x000000070de00000| PB 0x000000070de00000| Untracked 
| 106|0x000000070e000000, 0x000000070e000000, 0x000000070e200000|  0%| F|  |TAMS 0x000000070e000000| PB 0x000000070e000000| Untracked 
| 107|0x000000070e200000, 0x000000070e200000, 0x000000070e400000|  0%| F|  |TAMS 0x000000070e200000| PB 0x000000070e200000| Untracked 
| 108|0x000000070e400000, 0x000000070e400000, 0x000000070e600000|  0%| F|  |TAMS 0x000000070e400000| PB 0x000000070e400000| Untracked 
| 109|0x000000070e600000, 0x000000070e600000, 0x000000070e800000|  0%| F|  |TAMS 0x000000070e600000| PB 0x000000070e600000| Untracked 
| 110|0x000000070e800000, 0x000000070e800000, 0x000000070ea00000|  0%| F|  |TAMS 0x000000070e800000| PB 0x000000070e800000| Untracked 
| 111|0x000000070ea00000, 0x000000070ea00000, 0x000000070ec00000|  0%| F|  |TAMS 0x000000070ea00000| PB 0x000000070ea00000| Untracked 
| 112|0x000000070ec00000, 0x000000070ec00000, 0x000000070ee00000|  0%| F|  |TAMS 0x000000070ec00000| PB 0x000000070ec00000| Untracked 
| 113|0x000000070ee00000, 0x000000070ee00000, 0x000000070f000000|  0%| F|  |TAMS 0x000000070ee00000| PB 0x000000070ee00000| Untracked 
| 114|0x000000070f000000, 0x000000070f000000, 0x000000070f200000|  0%| F|  |TAMS 0x000000070f000000| PB 0x000000070f000000| Untracked 
| 115|0x000000070f200000, 0x000000070f200000, 0x000000070f400000|  0%| F|  |TAMS 0x000000070f200000| PB 0x000000070f200000| Untracked 
| 116|0x000000070f400000, 0x000000070f400000, 0x000000070f600000|  0%| F|  |TAMS 0x000000070f400000| PB 0x000000070f400000| Untracked 
| 117|0x000000070f600000, 0x000000070f600000, 0x000000070f800000|  0%| F|  |TAMS 0x000000070f600000| PB 0x000000070f600000| Untracked 
| 118|0x000000070f800000, 0x000000070f800000, 0x000000070fa00000|  0%| F|  |TAMS 0x000000070f800000| PB 0x000000070f800000| Untracked 
| 119|0x000000070fa00000, 0x000000070fa00000, 0x000000070fc00000|  0%| F|  |TAMS 0x000000070fa00000| PB 0x000000070fa00000| Untracked 
| 120|0x000000070fc00000, 0x000000070fe00000, 0x000000070fe00000|100%| E|  |TAMS 0x000000070fc00000| PB 0x000000070fc00000| Complete 
| 121|0x000000070fe00000, 0x0000000710000000, 0x0000000710000000|100%| E|CS|TAMS 0x000000070fe00000| PB 0x000000070fe00000| Complete 
| 122|0x0000000710000000, 0x0000000710200000, 0x0000000710200000|100%| E|CS|TAMS 0x0000000710000000| PB 0x0000000710000000| Complete 
| 123|0x0000000710200000, 0x0000000710400000, 0x0000000710400000|100%| E|CS|TAMS 0x0000000710200000| PB 0x0000000710200000| Complete 
| 124|0x0000000710400000, 0x0000000710600000, 0x0000000710600000|100%| E|CS|TAMS 0x0000000710400000| PB 0x0000000710400000| Complete 
| 125|0x0000000710600000, 0x0000000710800000, 0x0000000710800000|100%| E|CS|TAMS 0x0000000710600000| PB 0x0000000710600000| Complete 
| 126|0x0000000710800000, 0x0000000710a00000, 0x0000000710a00000|100%| E|CS|TAMS 0x0000000710800000| PB 0x0000000710800000| Complete 
| 127|0x0000000710a00000, 0x0000000710c00000, 0x0000000710c00000|100%| E|CS|TAMS 0x0000000710a00000| PB 0x0000000710a00000| Complete 

Card table byte_map: [0x00000273c9a40000,0x00000273ca240000] _byte_map_base: 0x00000273c623a000

Marking Bits: (CMBitMap*) 0x00000273b61f3c20
 Bits: [0x00000273ca240000, 0x00000273ce210000)

Polling page: 0x00000273b4170000

Metaspace:

Usage:
  Non-class:      7.77 MB used.
      Class:      1.01 MB used.
       Both:      8.78 MB used.

Virtual space:
  Non-class space:       64.00 MB reserved,       7.94 MB ( 12%) committed,  1 nodes.
      Class space:        1.00 GB reserved,       1.12 MB ( <1%) committed,  1 nodes.
             Both:        1.06 GB reserved,       9.06 MB ( <1%) committed. 

Chunk freelists:
   Non-Class:  7.97 MB
       Class:  14.72 MB
        Both:  22.69 MB

MaxMetaspaceSize: unlimited
CompressedClassSpaceSize: 1.00 GB
Initial GC threshold: 21.00 MB
Current GC threshold: 21.00 MB
CDS: on
 - commit_granule_bytes: 65536.
 - commit_granule_words: 8192.
 - virtual_space_node_default_size: 8388608.
 - enlarge_chunks_in_place: 1.
 - use_allocation_guard: 0.


Internal statistics:

num_allocs_failed_limit: 0.
num_arena_births: 230.
num_arena_deaths: 0.
num_vsnodes_births: 2.
num_vsnodes_deaths: 0.
num_space_committed: 145.
num_space_uncommitted: 0.
num_chunks_returned_to_freelist: 0.
num_chunks_taken_from_freelist: 389.
num_chunk_merges: 0.
num_chunk_splits: 227.
num_chunks_enlarged: 111.
num_inconsistent_stats: 0.

CodeHeap 'non-profiled nmethods': size=120000Kb used=393Kb max_used=393Kb free=119606Kb
 bounds [0x00000273c1c00000, 0x00000273c1e70000, 0x00000273c9130000]
CodeHeap 'profiled nmethods': size=120000Kb used=1781Kb max_used=1781Kb free=118219Kb
 bounds [0x00000273ba130000, 0x00000273ba3a0000, 0x00000273c1660000]
CodeHeap 'non-nmethods': size=5760Kb used=1428Kb max_used=1444Kb free=4331Kb
 bounds [0x00000273c1660000, 0x00000273c18d0000, 0x00000273c1c00000]
 total_blobs=1629 nmethods=1114 adapters=420
 compilation: enabled
              stopped_count=0, restarted_count=0
 full_count=0

Compilation events (20 events):
Event: 0.388 Thread 0x00000273d0a33cd0 1080       3       java.lang.invoke.MethodHandleNatives::canBeCalledVirtual (49 bytes)
Event: 0.388 Thread 0x00000273d0a33cd0 nmethod 1080 0x00000273ba2d3890 code [0x00000273ba2d3a80, 0x00000273ba2d3f28]
Event: 0.388 Thread 0x00000273d0a33cd0 1083       3       sun.security.ec.XECOperations::bitAt (23 bytes)
Event: 0.388 Thread 0x00000273d0a33cd0 nmethod 1083 0x00000273ba2d4090 code [0x00000273ba2d4240, 0x00000273ba2d43d8]
Event: 0.388 Thread 0x00000273d0a33cd0 1084       3       sun.security.util.math.intpoly.IntegerPolynomial25519::reduce (40 bytes)
Event: 0.389 Thread 0x00000273d0a33cd0 nmethod 1084 0x00000273ba2d4510 code [0x00000273ba2d46e0, 0x00000273ba2d49e0]
Event: 0.389 Thread 0x00000273d0a33cd0 1085       3       sun.security.util.math.intpoly.IntegerPolynomial25519::carryReduce (391 bytes)
Event: 0.389 Thread 0x00000273d0a33cd0 nmethod 1085 0x00000273ba2d4b90 code [0x00000273ba2d4d40, 0x00000273ba2d51a0]
Event: 0.390 Thread 0x00000273d0a33cd0 1087       3       jdk.internal.misc.Unsafe::putIntUnaligned (79 bytes)
Event: 0.390 Thread 0x00000273d0a33cd0 nmethod 1087 0x00000273ba2d5390 code [0x00000273ba2d5560, 0x00000273ba2d58f0]
Event: 0.390 Thread 0x00000273d0a33cd0 1088       3       jdk.internal.misc.Unsafe::putIntUnaligned (14 bytes)
Event: 0.390 Thread 0x00000273d0a33cd0 nmethod 1088 0x00000273ba2d5a10 code [0x00000273ba2d5bc0, 0x00000273ba2d5e00]
Event: 0.393 Thread 0x00000273d0a33cd0 1089       3       sun.security.provider.SHA2::implCompress0 (448 bytes)
Event: 0.393 Thread 0x00000273d0a33cd0 nmethod 1089 0x00000273ba2d5f10 code [0x00000273ba2d6160, 0x00000273ba2d6d70]
Event: 0.395 Thread 0x00000273d0a32e30 nmethod 1075 0x00000273c1c5da90 code [0x00000273c1c5dd00, 0x00000273c1c5eb30]
Event: 0.395 Thread 0x00000273d0a32e30 1081       4       sun.security.util.math.intpoly.IntegerPolynomial::multByInt (30 bytes)
Event: 0.399 Thread 0x00000273d0a32e30 nmethod 1081 0x00000273c1c5f610 code [0x00000273c1c5f7c0, 0x00000273c1c5fbd0]
Event: 0.399 Thread 0x00000273d0a32e30 1082       4       sun.security.util.math.intpoly.IntegerPolynomial$MutableElement::setProduct (58 bytes)
Event: 0.402 Thread 0x00000273d0a33cd0 1092       3       java.lang.invoke.LambdaFormBuffer::changeName (149 bytes)
Event: 0.402 Thread 0x00000273d0a33cd0 nmethod 1092 0x00000273ba2d7490 code [0x00000273ba2d7680, 0x00000273ba2d7bb0]

GC Heap History (0 events):
No events

Dll operation events (2 events):
Event: 0.006 Loaded shared library E:\Jetbrains\Rider\jbr\bin\java.dll
Event: 0.029 Loaded shared library E:\Jetbrains\Rider\jbr\bin\zip.dll

Deoptimization events (20 events):
Event: 0.388 Thread 0x00000273d0a28880 Uncommon trap: trap_request=0xffffff66 fr.pc=0x00000273c1c58b7c relative=0x000000000000031c
Event: 0.388 Thread 0x00000273d0a28880 Uncommon trap: reason=speculate_class_check action=maybe_recompile pc=0x00000273c1c58b7c method=sun.security.util.math.intpoly.IntegerPolynomial.multByInt([JJ)V @ 26 c2
Event: 0.388 Thread 0x00000273d0a28880 DEOPT PACKING pc=0x00000273c1c58b7c sp=0x000000cbc35fe3c0
Event: 0.388 Thread 0x00000273d0a28880 DEOPT UNPACKING pc=0x00000273c16b46a2 sp=0x000000cbc35fe300 mode 2
Event: 0.388 Thread 0x00000273d0a28880 Uncommon trap: trap_request=0xffffffde fr.pc=0x00000273c1c53ac0 relative=0x0000000000000280
Event: 0.388 Thread 0x00000273d0a28880 Uncommon trap: reason=class_check action=maybe_recompile pc=0x00000273c1c53ac0 method=sun.security.util.math.intpoly.IntegerPolynomial.multByInt([JJ)V @ 26 c2
Event: 0.388 Thread 0x00000273d0a28880 DEOPT PACKING pc=0x00000273c1c53ac0 sp=0x000000cbc35fe330
Event: 0.388 Thread 0x00000273d0a28880 DEOPT UNPACKING pc=0x00000273c16b46a2 sp=0x000000cbc35fe300 mode 2
Event: 0.388 Thread 0x00000273d0a28880 Uncommon trap: trap_request=0xffffffde fr.pc=0x00000273c1c53ac0 relative=0x0000000000000280
Event: 0.388 Thread 0x00000273d0a28880 Uncommon trap: reason=class_check action=maybe_recompile pc=0x00000273c1c53ac0 method=sun.security.util.math.intpoly.IntegerPolynomial.multByInt([JJ)V @ 26 c2
Event: 0.388 Thread 0x00000273d0a28880 DEOPT PACKING pc=0x00000273c1c53ac0 sp=0x000000cbc35fe330
Event: 0.388 Thread 0x00000273d0a28880 DEOPT UNPACKING pc=0x00000273c16b46a2 sp=0x000000cbc35fe300 mode 2
Event: 0.388 Thread 0x00000273d0a28880 Uncommon trap: trap_request=0xffffffde fr.pc=0x00000273c1c53ac0 relative=0x0000000000000280
Event: 0.388 Thread 0x00000273d0a28880 Uncommon trap: reason=class_check action=maybe_recompile pc=0x00000273c1c53ac0 method=sun.security.util.math.intpoly.IntegerPolynomial.multByInt([JJ)V @ 26 c2
Event: 0.388 Thread 0x00000273d0a28880 DEOPT PACKING pc=0x00000273c1c53ac0 sp=0x000000cbc35fe330
Event: 0.388 Thread 0x00000273d0a28880 DEOPT UNPACKING pc=0x00000273c16b46a2 sp=0x000000cbc35fe300 mode 2
Event: 0.388 Thread 0x00000273d0a28880 Uncommon trap: trap_request=0xffffffde fr.pc=0x00000273c1c53ac0 relative=0x0000000000000280
Event: 0.388 Thread 0x00000273d0a28880 Uncommon trap: reason=class_check action=maybe_recompile pc=0x00000273c1c53ac0 method=sun.security.util.math.intpoly.IntegerPolynomial.multByInt([JJ)V @ 26 c2
Event: 0.388 Thread 0x00000273d0a28880 DEOPT PACKING pc=0x00000273c1c53ac0 sp=0x000000cbc35fe330
Event: 0.388 Thread 0x00000273d0a28880 DEOPT UNPACKING pc=0x00000273c16b46a2 sp=0x000000cbc35fe300 mode 2

Classes loaded (20 events):
Event: 0.401 Loading class sun/security/x509/PKIXExtensions done
Event: 0.401 Loading class sun/security/x509/OIDMap$OIDInfo
Event: 0.401 Loading class sun/security/x509/OIDMap$OIDInfo done
Event: 0.402 Loading class sun/security/x509/SubjectAlternativeNameExtension
Event: 0.402 Loading class sun/security/x509/SubjectAlternativeNameExtension done
Event: 0.402 Loading class sun/security/x509/GeneralNames
Event: 0.402 Loading class sun/security/x509/GeneralNames done
Event: 0.402 Loading class sun/security/x509/GeneralName
Event: 0.402 Loading class sun/security/x509/GeneralName done
Event: 0.402 Loading class sun/security/x509/DNSName
Event: 0.402 Loading class sun/security/x509/DNSName done
Event: 0.402 Loading class sun/security/util/MemoryCache$SoftCacheEntry
Event: 0.402 Loading class sun/security/util/MemoryCache$CacheEntry
Event: 0.402 Loading class sun/security/util/MemoryCache$CacheEntry done
Event: 0.402 Loading class sun/security/util/MemoryCache$SoftCacheEntry done
Event: 0.402 Loading class jdk/internal/event/X509CertificateEvent
Event: 0.403 Loading class jdk/internal/event/X509CertificateEvent done
Event: 0.403 Loading class jdk/internal/event/EventHelper
Event: 0.403 Loading class jdk/internal/event/EventHelper done
Event: 0.403 Loading class java/util/jar/JarFile$ThreadTrackHolder

Classes unloaded (0 events):
No events

Classes redefined (0 events):
No events

Internal exceptions (20 events):
Event: 0.200 Thread 0x00000273b3e004b0 Exception <a 'java/lang/NoSuchMethodError'{0x000000071046de88}: 'int java.lang.invoke.DirectMethodHandle$Holder.invokeStaticInit(java.lang.Object, long, long)'> (0x000000071046de88) 
thrown [s\src\hotspot\share\interpreter\linkResolver.cpp, line 784]
Event: 0.200 Thread 0x00000273b3e004b0 Exception <a 'java/lang/NoSuchMethodError'{0x0000000710474920}: 'int java.lang.invoke.DirectMethodHandle$Holder.invokeStaticInit(java.lang.Object, float, float)'> (0x0000000710474920) 
thrown [s\src\hotspot\share\interpreter\linkResolver.cpp, line 784]
Event: 0.201 Thread 0x00000273b3e004b0 Exception <a 'java/lang/NoSuchMethodError'{0x000000071047b3b0}: 'int java.lang.invoke.DirectMethodHandle$Holder.invokeStaticInit(java.lang.Object, double, double)'> (0x000000071047b3b0) 
thrown [s\src\hotspot\share\interpreter\linkResolver.cpp, line 784]
Event: 0.201 Thread 0x00000273b3e004b0 Exception <a 'java/lang/NoSuchMethodError'{0x000000071047fa38}: 'int java.lang.invoke.DirectMethodHandle$Holder.invokeStatic(java.lang.Object, long)'> (0x000000071047fa38) 
thrown [s\src\hotspot\share\interpreter\linkResolver.cpp, line 784]
Event: 0.204 Thread 0x00000273b3e004b0 Exception <a 'java/lang/NoSuchMethodError'{0x00000007104a95b0}: 'java.lang.Object java.lang.invoke.DirectMethodHandle$Holder.invokeSpecial(java.lang.Object, java.lang.Object, int, java.lang.Object, java.lang.Object)'> (0x00000007104a95b0) 
thrown [s\src\hotspot\share\interpreter\linkResolver.cpp, line 784]
Event: 0.204 Thread 0x00000273b3e004b0 Exception <a 'java/lang/NoSuchMethodError'{0x00000007104acf40}: 'java.lang.Object java.lang.invoke.DelegatingMethodHandle$Holder.delegate(java.lang.Object, int, java.lang.Object, java.lang.Object)'> (0x00000007104acf40) 
thrown [s\src\hotspot\share\interpreter\linkResolver.cpp, line 784]
Event: 0.205 Thread 0x00000273b3e004b0 Exception <a 'java/lang/NoSuchMethodError'{0x00000007104bc260}: 'int java.lang.invoke.Invokers$Holder.linkToTargetMethod(java.lang.Object, java.lang.Object, java.lang.Object)'> (0x00000007104bc260) 
thrown [s\src\hotspot\share\interpreter\linkResolver.cpp, line 784]
Event: 0.208 Thread 0x00000273b3e004b0 Exception <a 'java/lang/NoSuchMethodError'{0x00000007104eeac0}: 'long java.lang.invoke.DirectMethodHandle$Holder.invokeSpecial(java.lang.Object, java.lang.Object)'> (0x00000007104eeac0) 
thrown [s\src\hotspot\share\interpreter\linkResolver.cpp, line 784]
Event: 0.209 Thread 0x00000273b3e004b0 Exception <a 'java/lang/NoSuchMethodError'{0x00000007104f5390}: 'int java.lang.invoke.DirectMethodHandle$Holder.invokeStatic(java.lang.Object, java.lang.Object, java.lang.Object, java.lang.Object)'> (0x00000007104f5390) 
thrown [s\src\hotspot\share\interpreter\linkResolver.cpp, line 784]
Event: 0.209 Thread 0x00000273b3e004b0 Exception <a 'java/lang/NoSuchMethodError'{0x00000007104f87b0}: 'java.lang.Object java.lang.invoke.Invokers$Holder.invokeExact_MT(java.lang.Object, java.lang.Object, java.lang.Object, java.lang.Object, java.lang.Object, java.lang.Object)'> (0x00000007104f87b0) 
thrown [s\src\hotspot\share\interpreter\linkResolver.cpp, line 784]
Event: 0.263 Thread 0x00000273b3e004b0 Exception <a 'java/lang/NoSuchMethodError'{0x0000000710354c98}: 'java.lang.Object java.lang.invoke.DirectMethodHandle$Holder.newInvokeSpecial(java.lang.Object, java.lang.Object, java.lang.Object, java.lang.Object, java.lang.Object)'> (0x0000000710354c98) 
thrown [s\src\hotspot\share\interpreter\linkResolver.cpp, line 784]
Event: 0.281 Thread 0x00000273b3e004b0 Exception <a 'java/lang/NoSuchMethodError'{0x00000007100dd438}: 'java.lang.Object java.lang.invoke.DirectMethodHandle$Holder.invokeSpecial(java.lang.Object, java.lang.Object, java.lang.Object, java.lang.Object, int)'> (0x00000007100dd438) 
thrown [s\src\hotspot\share\interpreter\linkResolver.cpp, line 784]
Event: 0.281 Thread 0x00000273b3e004b0 Exception <a 'java/lang/NoSuchMethodError'{0x00000007100e0da0}: 'java.lang.Object java.lang.invoke.Invokers$Holder.linkToTargetMethod(java.lang.Object, java.lang.Object, int, java.lang.Object)'> (0x00000007100e0da0) 
thrown [s\src\hotspot\share\interpreter\linkResolver.cpp, line 784]
Event: 0.285 Thread 0x00000273b3e004b0 Exception <a 'java/lang/NoSuchMethodError'{0x000000071010f098}: 'void java.lang.invoke.DirectMethodHandle$Holder.invokeSpecial(java.lang.Object, java.lang.Object, java.lang.Object)'> (0x000000071010f098) 
thrown [s\src\hotspot\share\interpreter\linkResolver.cpp, line 784]
Event: 0.294 Thread 0x00000273d0a274d0 Exception <a 'java/lang/NoSuchMethodError'{0x00000007102f64d8}: 'void java.lang.invoke.DirectMethodHandle$Holder.invokeStatic(java.lang.Object, java.lang.Object, int)'> (0x00000007102f64d8) 
thrown [s\src\hotspot\share\interpreter\linkResolver.cpp, line 784]
Event: 0.294 Thread 0x00000273b3e004b0 Exception <a 'java/lang/NoSuchMethodError'{0x000000071019f028}: 'void java.lang.invoke.DirectMethodHandle$Holder.invokeSpecial(java.lang.Object, java.lang.Object, java.lang.Object, java.lang.Object, java.lang.Object)'> (0x000000071019f028) 
thrown [s\src\hotspot\share\interpreter\linkResolver.cpp, line 784]
Event: 0.298 Thread 0x00000273d0a274d0 Exception <a 'java/lang/NoSuchMethodError'{0x00000007103301d0}: 'void java.lang.invoke.DirectMethodHandle$Holder.invokeStatic(java.lang.Object, java.lang.Object)'> (0x00000007103301d0) 
thrown [s\src\hotspot\share\interpreter\linkResolver.cpp, line 784]
Event: 0.300 Thread 0x00000273d0a28880 Exception <a 'java/lang/NoSuchMethodError'{0x000000070fe24178}: 'void java.lang.invoke.DirectMethodHandle$Holder.invokeInterface(java.lang.Object, java.lang.Object, java.lang.Object)'> (0x000000070fe24178) 
thrown [s\src\hotspot\share\interpreter\linkResolver.cpp, line 784]
Event: 0.304 Thread 0x00000273d0a28880 Exception <a 'java/lang/NoSuchMethodError'{0x000000070fe72ae0}: 'void java.lang.invoke.DirectMethodHandle$Holder.invokeVirtual(java.lang.Object, java.lang.Object)'> (0x000000070fe72ae0) 
thrown [s\src\hotspot\share\interpreter\linkResolver.cpp, line 784]
Event: 0.383 Thread 0x00000273d0a28880 Exception <a 'java/lang/NoSuchMethodError'{0x000000070fcdfa08}: 'void java.lang.invoke.DirectMethodHandle$Holder.invokeInterface(java.lang.Object, java.lang.Object)'> (0x000000070fcdfa08) 
thrown [s\src\hotspot\share\interpreter\linkResolver.cpp, line 784]

ZGC Phase Switch (0 events):
No events

VM Operations (8 events):
Event: 0.054 Executing VM operation: HandshakeAllThreads (Deoptimize)
Event: 0.054 Executing VM operation: HandshakeAllThreads (Deoptimize) done
Event: 0.059 Executing VM operation: HandshakeAllThreads (Deoptimize)
Event: 0.059 Executing VM operation: HandshakeAllThreads (Deoptimize) done
Event: 0.163 Executing VM operation: HandshakeAllThreads (Deoptimize)
Event: 0.163 Executing VM operation: HandshakeAllThreads (Deoptimize) done
Event: 0.295 Executing VM operation: HandshakeAllThreads (Deoptimize)
Event: 0.295 Executing VM operation: HandshakeAllThreads (Deoptimize) done

Memory protections (0 events):
No events

Nmethod flushes (0 events):
No events

Events (20 events):
Event: 0.032 Thread 0x00000273b3e004b0 Thread added: 0x00000273d0a180b0
Event: 0.032 Thread 0x00000273b3e004b0 Thread added: 0x00000273d0a18fd0
Event: 0.032 Thread 0x00000273b3e004b0 Thread added: 0x00000273d0a1d530
Event: 0.032 Thread 0x00000273b3e004b0 Thread added: 0x00000273d0a1e390
Event: 0.032 Thread 0x00000273b3e004b0 Thread added: 0x00000273d0a295a0
Event: 0.032 Thread 0x00000273b3e004b0 Thread added: 0x00000273d0a29c30
Event: 0.032 Thread 0x00000273b3e004b0 Thread added: 0x00000273d0a32e30
Event: 0.032 Thread 0x00000273b3e004b0 Thread added: 0x00000273d0a33cd0
Event: 0.043 Thread 0x00000273b3e004b0 Thread added: 0x00000273d0a281f0
Event: 0.045 Thread 0x00000273b3e004b0 Thread added: 0x00000273d0a28f10
Event: 0.047 Loaded shared library E:\Jetbrains\Rider\jbr\bin\net.dll
Event: 0.049 Loaded shared library E:\Jetbrains\Rider\jbr\bin\nio.dll
Event: 0.051 Loaded shared library E:\Jetbrains\Rider\jbr\bin\zip.dll
Event: 0.089 Loaded shared library E:\Jetbrains\Rider\jbr\bin\jimage.dll
Event: 0.095 Loaded shared library E:\Jetbrains\Rider\jbr\bin\sunmscapi.dll
Event: 0.256 Loaded shared library E:\Jetbrains\Rider\jbr\bin\extnet.dll
Event: 0.260 Thread 0x00000273b3e004b0 Thread added: 0x00000273d0a274d0
Event: 0.298 Thread 0x00000273d0a274d0 Thread added: 0x00000273d0a28880
Event: 0.308 Thread 0x00000273d0a274d0 Thread added: 0x00000273d0a27b60
Event: 0.337 Thread 0x00000273d0a33cd0 Thread added: 0x0000027416400460


Dynamic libraries:
0x00007ff74be10000 - 0x00007ff74be1a000 	E:\Jetbrains\Rider\jbr\bin\java.exe
0x00007ffdf31b0000 - 0x00007ffdf33a8000 	C:\Windows\SYSTEM32\ntdll.dll
0x00007ffdf18d0000 - 0x00007ffdf1992000 	C:\Windows\System32\KERNEL32.DLL
0x00007ffdf0d00000 - 0x00007ffdf0ff6000 	C:\Windows\System32\KERNELBASE.dll
0x00007ffdf10a0000 - 0x00007ffdf11a0000 	C:\Windows\System32\ucrtbase.dll
0x00007ffda3d70000 - 0x00007ffda3d88000 	E:\Jetbrains\Rider\jbr\bin\jli.dll
0x00007ffdda7d0000 - 0x00007ffdda7eb000 	E:\Jetbrains\Rider\jbr\bin\VCRUNTIME140.dll
0x00007ffdf1c20000 - 0x00007ffdf1dc1000 	C:\Windows\System32\USER32.dll
0x00007ffdf11a0000 - 0x00007ffdf11c2000 	C:\Windows\System32\win32u.dll
0x00007ffde2490000 - 0x00007ffde272b000 	C:\Windows\WinSxS\amd64_microsoft.windows.common-controls_6595b64144ccf1df_6.0.19041.6456_none_60b8a6cb71f64256\COMCTL32.dll
0x00007ffdf19e0000 - 0x00007ffdf1a0b000 	C:\Windows\System32\GDI32.dll
0x00007ffdf2190000 - 0x00007ffdf222e000 	C:\Windows\System32\msvcrt.dll
0x00007ffdf0ae0000 - 0x00007ffdf0bf9000 	C:\Windows\System32\gdi32full.dll
0x00007ffdf1000000 - 0x00007ffdf109d000 	C:\Windows\System32\msvcp_win.dll
0x00007ffdf19b0000 - 0x00007ffdf19df000 	C:\Windows\System32\IMM32.DLL
0x00007ffde8ff0000 - 0x00007ffde8ffc000 	E:\Jetbrains\Rider\jbr\bin\vcruntime140_1.dll
0x00007ffd9e9f0000 - 0x00007ffd9ea7d000 	E:\Jetbrains\Rider\jbr\bin\msvcp140.dll
0x00007ffd61bf0000 - 0x00007ffd629b1000 	E:\Jetbrains\Rider\jbr\bin\server\jvm.dll
0x00007ffdf22f0000 - 0x00007ffdf23a1000 	C:\Windows\System32\ADVAPI32.dll
0x00007ffdf1dd0000 - 0x00007ffdf1e6f000 	C:\Windows\System32\sechost.dll
0x00007ffdf1ed0000 - 0x00007ffdf1ff0000 	C:\Windows\System32\RPCRT4.dll
0x00007ffdf0ab0000 - 0x00007ffdf0ad7000 	C:\Windows\System32\bcrypt.dll
0x00007ffdf23d0000 - 0x00007ffdf243b000 	C:\Windows\System32\WS2_32.dll
0x00007ffdefdd0000 - 0x00007ffdefe1b000 	C:\Windows\SYSTEM32\POWRPROF.dll
0x00007ffdece10000 - 0x00007ffdece1a000 	C:\Windows\SYSTEM32\VERSION.dll
0x00007ffdeb810000 - 0x00007ffdeb837000 	C:\Windows\SYSTEM32\WINMM.dll
0x00007ffdefc40000 - 0x00007ffdefc52000 	C:\Windows\SYSTEM32\UMPDC.dll
0x00007ffdee6d0000 - 0x00007ffdee6e2000 	C:\Windows\SYSTEM32\kernel.appcore.dll
0x00007ffdda7c0000 - 0x00007ffdda7ca000 	E:\Jetbrains\Rider\jbr\bin\jimage.dll
0x00007ffdde660000 - 0x00007ffdde861000 	C:\Windows\SYSTEM32\DBGHELP.DLL
0x00007ffdbbdd0000 - 0x00007ffdbbe04000 	C:\Windows\SYSTEM32\dbgcore.DLL
0x00007ffdf0a20000 - 0x00007ffdf0aa2000 	C:\Windows\System32\bcryptPrimitives.dll
0x00007ffdda7a0000 - 0x00007ffdda7c0000 	E:\Jetbrains\Rider\jbr\bin\java.dll
0x00007ffdf2980000 - 0x00007ffdf30f0000 	C:\Windows\System32\SHELL32.dll
0x00007ffdee8d0000 - 0x00007ffdef075000 	C:\Windows\SYSTEM32\windows.storage.dll
0x00007ffdf11d0000 - 0x00007ffdf1524000 	C:\Windows\System32\combase.dll
0x00007ffdf0270000 - 0x00007ffdf029b000 	C:\Windows\SYSTEM32\Wldp.dll
0x00007ffdf28b0000 - 0x00007ffdf297d000 	C:\Windows\System32\OLEAUT32.dll
0x00007ffdf2000000 - 0x00007ffdf20ad000 	C:\Windows\System32\SHCORE.dll
0x00007ffdf1a10000 - 0x00007ffdf1a6b000 	C:\Windows\System32\shlwapi.dll
0x00007ffdf0770000 - 0x00007ffdf0794000 	C:\Windows\SYSTEM32\profapi.dll
0x00007ffdda780000 - 0x00007ffdda798000 	E:\Jetbrains\Rider\jbr\bin\zip.dll
0x00007ffdda770000 - 0x00007ffdda780000 	E:\Jetbrains\Rider\jbr\bin\net.dll
0x00007ffdebb30000 - 0x00007ffdebc3a000 	C:\Windows\SYSTEM32\WINHTTP.dll
0x00007ffdeffd0000 - 0x00007ffdf003a000 	C:\Windows\system32\mswsock.dll
0x00007ffdda750000 - 0x00007ffdda766000 	E:\Jetbrains\Rider\jbr\bin\nio.dll
0x00007ffdbab10000 - 0x00007ffdbab1e000 	E:\Jetbrains\Rider\jbr\bin\sunmscapi.dll
0x00007ffdf08c0000 - 0x00007ffdf0a1d000 	C:\Windows\System32\CRYPT32.dll
0x00007ffdf02e0000 - 0x00007ffdf0307000 	C:\Windows\SYSTEM32\ncrypt.dll
0x00007ffdf02a0000 - 0x00007ffdf02db000 	C:\Windows\SYSTEM32\NTASN1.dll
0x00007ffdf01c0000 - 0x00007ffdf01d8000 	C:\Windows\SYSTEM32\CRYPTSP.dll
0x00007ffdef880000 - 0x00007ffdef8b8000 	C:\Windows\system32\rsaenh.dll
0x00007ffdf0730000 - 0x00007ffdf075e000 	C:\Windows\SYSTEM32\USERENV.dll
0x00007ffdf01e0000 - 0x00007ffdf01ec000 	C:\Windows\SYSTEM32\CRYPTBASE.dll
0x00007ffdefc60000 - 0x00007ffdefc9b000 	C:\Windows\SYSTEM32\IPHLPAPI.DLL
0x00007ffdf19a0000 - 0x00007ffdf19a8000 	C:\Windows\System32\NSI.dll
0x00007ffdbfb90000 - 0x00007ffdbfb97000 	C:\Windows\system32\wshunix.dll
0x00007ffdb8280000 - 0x00007ffdb8289000 	E:\Jetbrains\Rider\jbr\bin\extnet.dll

dbghelp: loaded successfully - version: 4.0.5 - missing functions: none
symbol engine: initialized successfully - sym options: 0x614 - pdb path: .;E:\Jetbrains\Rider\jbr\bin;C:\Windows\SYSTEM32;C:\Windows\WinSxS\amd64_microsoft.windows.common-controls_6595b64144ccf1df_6.0.19041.6456_none_60b8a6cb71f64256;E:\Jetbrains\Rider\jbr\bin\server

VM Arguments:
java_command: git4idea.http.GitAskPassApp Username for 'https://github.com': 
java_class_path (initial): E:/Jetbrains/Rider/plugins/vcs-git/lib/git4idea-rt.jar;E:/Jetbrains/Rider/lib/externalProcess-rt.jar
Launcher Type: SUN_STANDARD

[Global flags]
     intx CICompilerCount                          = 3                                         {product} {ergonomic}
     uint ConcGCThreads                            = 2                                         {product} {ergonomic}
     uint G1ConcRefinementThreads                  = 6                                         {product} {ergonomic}
   size_t G1HeapRegionSize                         = 2097152                                   {product} {ergonomic}
    uintx GCDrainStackTargetSize                   = 64                                        {product} {ergonomic}
   size_t InitialHeapSize                          = 268435456                                 {product} {ergonomic}
   size_t MarkStackSize                            = 4194304                                   {product} {ergonomic}
   size_t MaxHeapSize                              = 4282384384                                {product} {ergonomic}
   size_t MaxNewSize                               = 2569011200                                {product} {ergonomic}
   size_t MinHeapDeltaBytes                        = 2097152                                   {product} {ergonomic}
   size_t MinHeapSize                              = 8388608                                   {product} {ergonomic}
    uintx NonNMethodCodeHeapSize                   = 5832780                                {pd product} {ergonomic}
    uintx NonProfiledCodeHeapSize                  = 122912730                              {pd product} {ergonomic}
    uintx ProfiledCodeHeapSize                     = 122912730                              {pd product} {ergonomic}
    uintx ReservedCodeCacheSize                    = 251658240                              {pd product} {ergonomic}
     bool SegmentedCodeCache                       = true                                      {product} {ergonomic}
   size_t SoftMaxHeapSize                          = 4282384384                             {manageable} {ergonomic}
     bool UseCompressedOops                        = true                           {product lp64_product} {ergonomic}
     bool UseG1GC                                  = true                                      {product} {ergonomic}
     bool UseLargePagesIndividualAllocation        = false                                  {pd product} {ergonomic}

Logging:
Log output configuration:
 #0: stdout all=warning uptime,level,tags foldmultilines=false
 #1: stderr all=off uptime,level,tags foldmultilines=false

Environment Variables:
PATH=C:/Program Files/Git/mingw64/libexec/git-core;C:/Program Files/Git/mingw64/libexec/git-core;C:\Program Files\Git\mingw64\bin;C:\Program Files\Git\usr\bin;C:\Users\mzel2\bin;C:\Program Files (x86)\Common Files\Oracle\Java\java8path;C:\Program Files (x86)\Common Files\Oracle\Java\javapath;C:\Windows\system32;C:\Windows;C:\Windows\System32\Wbem;C:\Windows\System32\WindowsPowerShell\v1.0\;C:\Windows\System32\OpenSSH\;E:\Windows Kits\10\Windows Performance Toolkit\;C:\Program Files\dotnet\;C:\Program Files\NVIDIA Corporation\NVIDIA app\NvDLISR;C:\Program Files (x86)\NVIDIA Corporation\PhysX\Common;C:\Program Files\Git\cmd;C:\Program Files\GitHub CLI\;C:\Program Files\CMake\bin;C:\Program Files\nodejs\;C:\Users\mzel2\.cargo\bin;C:\Users\mzel2\AppData\Local\Programs\Python\Python39\Scripts\;C:\Users\mzel2\AppData\Local\Programs\Python\Python39\;C:\Users\mzel2\AppData\Local\Programs\Python\Python313\Scripts\;C:\Users\mzel2\AppData\Local\Programs\Python\Python313\;C:\Users\mzel2\AppData\Local\Programs\Python\Launcher\;C:\Users\mzel2\AppData\Local\Microsoft\WindowsApps;C:\Users\mzel2\AppData\Local\Programs\Microsoft VS Code\bin;C:\Users\mzel2\.dotnet\tools;C:\Users\mzel2\AppData\Local\JetBrains\Toolbox\scripts;C:\Users\mzel2\AppData\Local\Microsoft\WinGet\Links;C:\Users\mzel2\AppData\Roaming\npm
USERNAME=mzel2
DISPLAY=:0.0
LC_ALL=en_US.UTF-8
TERM=xterm-256color
TMPDIR=C:\Users\mzel2\AppData\Local\Temp
OS=Windows_NT
PROCESSOR_IDENTIFIER=Intel64 Family 6 Model 158 Stepping 13, GenuineIntel
TMP=C:\Users\mzel2\AppData\Local\Temp
TEMP=C:\Users\mzel2\AppData\Local\Temp




Periodic native trim disabled

JNI global refs:
JNI global refs: 20, weak refs: 0

JNI global refs memory usage: 835, weak refs: 833

Process memory usage:
Resident Set Size: 81392K (0% of 16719952K total physical memory with 473832K free physical memory)

OOME stack traces (most recent first):
Classloader memory used:
Loader bootstrap                                                                       : 7218K
Loader jdk.internal.loader.ClassLoaders$PlatformClassLoader                            : 1878K
Loader jdk.internal.loader.ClassLoaders$AppClassLoader                                 : 16448B

---------------  S Y S T E M  ---------------

OS:
 Windows 10 , 64 bit Build 19041 (10.0.19041.5915)
OS uptime: 2 days 21:18 hours

CPU: total 6 (initial active 6) (6 cores per cpu, 1 threads per core) family 6 model 158 stepping 13 microcode 0xb8, cx8, cmov, fxsr, mmx, 3dnowpref, sse, sse2, sse3, ssse3, sse4.1, sse4.2, popcnt, lzcnt, tsc, tscinvbit, avx, avx2, aes, erms, clmul, bmi1, bmi2, rtm, adx, fma, vzeroupper, clflush, clflushopt, rdtscp, f16c
Processor Information for the first 6 processors :
  Max Mhz: 3696, Current Mhz: 3696, Mhz Limit: 3696

Memory: 4k page, system-wide physical 16328M (462M free)
TotalPageFile size 26328M (AvailPageFile size 3M)
current process WorkingSet (physical memory assigned to process): 79M, peak: 79M
current process commit charge ("private bytes"): 356M, peak: 357M

vm_info: OpenJDK 64-Bit Server VM (21.0.6+8-b631.39) for windows-amd64 JRE (21.0.6+8-b631.39), built on 2025-02-04 by "builduser" with MS VC++ 16.10 / 16.11 (VS2019)

END.
