#
# There is insufficient memory for the Java Runtime Environment to continue.
# Native memory allocation (mmap) failed to map 65536 bytes. Error detail: Failed to commit metaspace.
# Possible reasons:
#   The system is out of physical RAM or swap space
#   This process is running with CompressedOops enabled, and the Java Heap may be blocking the growth of the native heap
# Possible solutions:
#   Reduce memory load on the system
#   Increase physical memory or swap space
#   Check if swap backing store is full
#   Decrease Java heap size (-Xmx/-Xms)
#   Decrease number of Java threads
#   Decrease Java thread stack sizes (-Xss)
#   Set larger code cache with -XX:ReservedCodeCacheSize=
#   JVM is running with Zero Based Compressed Oops mode in which the Java heap is
#     placed in the first 32GB address space. The Java Heap base address is the
#     maximum limit for the native heap growth. Please use -XX:HeapBaseMinAddress
#     to set the Java Heap base and to place the Java Heap above 32GB virtual address.
# This output file may be truncated or incomplete.
#
#  Out of Memory Error (virtualSpaceNode.cpp:113), pid=21436, tid=20852
#
# JRE version: OpenJDK Runtime Environment JBR-21.0.6+8-631.39-jcef (21.0.6+8) (build 21.0.6+8-b631.39)
# Java VM: OpenJDK 64-Bit Server VM JBR-21.0.6+8-631.39-jcef (21.0.6+8-b631.39, mixed mode, sharing, tiered, compressed oops, compressed class ptrs, g1 gc, windows-amd64)
# No core dump will be written. Minidumps are not enabled by default on client versions of Windows
#

---------------  S U M M A R Y ------------

Command Line: git4idea.http.GitAskPassApp Password for 'https://matthew45678@github.com': 

Host: Intel(R) Core(TM) i5-9600KF CPU @ 3.70GHz, 6 cores, 15G,  Windows 10 , 64 bit Build 19041 (10.0.19041.5915)
Time: Tue Sep 15 00:47:32 2026  Windows 10 , 64 bit Build 19041 (10.0.19041.5915) elapsed time: 0.469018 seconds (0d 0h 0m 0s)

---------------  T H R E A D  ---------------

Current thread (0x00000135e782d690):  JavaThread "HttpClient-1-Worker-0" daemon [_thread_in_vm, id=20852, stack(0x0000000e8d000000,0x0000000e8d100000) (1024K)]

Stack: [0x0000000e8d000000,0x0000000e8d100000]
Native frames: (J=compiled Java code, j=interpreted, Vv=VM code, C=native code)
V  [jvm.dll+0x6e5d39]
V  [jvm.dll+0x8c4133]
V  [jvm.dll+0x8c668e]
V  [jvm.dll+0x8c6d73]
V  [jvm.dll+0x288f76]
V  [jvm.dll+0x8bef7e]
V  [jvm.dll+0x686a35]
V  [jvm.dll+0x686a9a]
V  [jvm.dll+0x6892b6]
V  [jvm.dll+0x689182]
V  [jvm.dll+0x6873ee]
V  [jvm.dll+0x2726cf]
V  [jvm.dll+0x691675]
V  [jvm.dll+0x21d23c]
V  [jvm.dll+0x21d785]
V  [jvm.dll+0x21e166]
V  [jvm.dll+0x2131b9]
V  [jvm.dll+0x5c4533]
V  [jvm.dll+0x224bfb]
V  [jvm.dll+0x83af3c]
V  [jvm.dll+0x83bfe2]
V  [jvm.dll+0x83c5a4]
V  [jvm.dll+0x83c238]
V  [jvm.dll+0x2760ab]
V  [jvm.dll+0x3e38fe]
C  0x000001359298a97f

The last pc belongs to new (printed below).
Java frames: (J=compiled Java code, j=interpreted, Vv=VM code)
j  sun.security.ssl.XDHKeyExchange$XDHECredentials.valueOf(Lsun/security/ssl/NamedGroup;[B)Lsun/security/ssl/XDHKeyExchange$XDHECredentials;+53 java.base@21.0.6
j  sun.security.ssl.NamedGroup$XDHScheme.decodeCredentials(Lsun/security/ssl/NamedGroup;[B)Lsun/security/ssl/SSLCredentials;+2 java.base@21.0.6
j  sun.security.ssl.NamedGroup$NamedGroupSpec.decodeCredentials(Lsun/security/ssl/NamedGroup;[B)Lsun/security/ssl/SSLCredentials;+13 java.base@21.0.6
j  sun.security.ssl.NamedGroup.decodeCredentials([B)Lsun/security/ssl/SSLCredentials;+6 java.base@21.0.6
j  sun.security.ssl.KeyShareExtension$SHKeyShareConsumer.consume(Lsun/security/ssl/ConnectionContext;Lsun/security/ssl/SSLHandshake$HandshakeMessage;Ljava/nio/ByteBuffer;)V+216 java.base@21.0.6
j  sun.security.ssl.SSLExtension.consumeOnLoad(Lsun/security/ssl/ConnectionContext;Lsun/security/ssl/SSLHandshake$HandshakeMessage;Ljava/nio/ByteBuffer;)V+14 java.base@21.0.6
j  sun.security.ssl.SSLExtensions.consumeOnLoad(Lsun/security/ssl/HandshakeContext;[Lsun/security/ssl/SSLExtension;)V+253 java.base@21.0.6
j  sun.security.ssl.ServerHello$T13ServerHelloConsumer.consume(Lsun/security/ssl/ConnectionContext;Lsun/security/ssl/SSLHandshake$HandshakeMessage;)V+88 java.base@21.0.6
j  sun.security.ssl.ServerHello$ServerHelloConsumer.onServerHello(Lsun/security/ssl/ClientHandshakeContext;Lsun/security/ssl/ServerHello$ServerHelloMessage;)V+291 java.base@21.0.6
j  sun.security.ssl.ServerHello$ServerHelloConsumer.consume(Lsun/security/ssl/ConnectionContext;Ljava/nio/ByteBuffer;)V+136 java.base@21.0.6
j  sun.security.ssl.SSLHandshake.consume(Lsun/security/ssl/ConnectionContext;Ljava/nio/ByteBuffer;)V+13 java.base@21.0.6
j  sun.security.ssl.HandshakeContext.dispatch(BLjava/nio/ByteBuffer;)V+90 java.base@21.0.6
j  sun.security.ssl.SSLEngineImpl$DelegatedTask$DelegatedAction.run()Ljava/lang/Void;+60 java.base@21.0.6
j  sun.security.ssl.SSLEngineImpl$DelegatedTask$DelegatedAction.run()Ljava/lang/Object;+1 java.base@21.0.6
j  java.security.AccessController.executePrivileged(Ljava/security/PrivilegedExceptionAction;Ljava/security/AccessControlContext;Ljava/lang/Class;)Ljava/lang/Object;+29 java.base@21.0.6
j  java.security.AccessController.doPrivileged(Ljava/security/PrivilegedExceptionAction;Ljava/security/AccessControlContext;)Ljava/lang/Object;+13 java.base@21.0.6
j  sun.security.ssl.SSLEngineImpl$DelegatedTask.run()V+66 java.base@21.0.6
j  jdk.internal.net.http.common.SSLFlowDelegate$$Lambda+0x00000135a3104000.accept(Ljava/lang/Object;)V+4 java.net.http@21.0.6
j  java.util.ArrayList.forEach(Ljava/util/function/Consumer;)V+46 java.base@21.0.6
j  jdk.internal.net.http.common.SSLFlowDelegate.lambda$executeTasks$3(Ljava/util/List;)V+40 java.net.http@21.0.6
j  jdk.internal.net.http.common.SSLFlowDelegate$$Lambda+0x00000135a30a8c80.run()V+8 java.net.http@21.0.6
j  jdk.internal.net.http.HttpClientImpl$DelegatingExecutor.execute(Ljava/lang/Runnable;)V+21 java.net.http@21.0.6
j  jdk.internal.net.http.common.SSLFlowDelegate.executeTasks(Ljava/util/List;)V+11 java.net.http@21.0.6
j  jdk.internal.net.http.common.SSLFlowDelegate.doHandshake(Ljdk/internal/net/http/common/SSLFlowDelegate$EngineResult;I)Z+154 java.net.http@21.0.6
j  jdk.internal.net.http.common.SSLFlowDelegate$Reader.processData()V+593 java.net.http@21.0.6
j  jdk.internal.net.http.common.SSLFlowDelegate$Reader$ReaderDownstreamPusher.run()V+4 java.net.http@21.0.6
j  jdk.internal.net.http.common.SequentialScheduler$LockingRestartableTask.run()V+34 java.net.http@21.0.6
j  jdk.internal.net.http.common.SequentialScheduler$CompleteRestartableTask.run(Ljdk/internal/net/http/common/SequentialScheduler$DeferredCompleter;)V+1 java.net.http@21.0.6
j  jdk.internal.net.http.common.SequentialScheduler$SchedulableTask.run()V+14 java.net.http@21.0.6
j  java.util.concurrent.ThreadPoolExecutor.runWorker(Ljava/util/concurrent/ThreadPoolExecutor$Worker;)V+92 java.base@21.0.6
j  java.util.concurrent.ThreadPoolExecutor$Worker.run()V+5 java.base@21.0.6
j  java.lang.Thread.runWith(Ljava/lang/Object;Ljava/lang/Runnable;)V+5 java.base@21.0.6
j  java.lang.Thread.run()V+19 java.base@21.0.6
v  ~StubRoutines::call_stub 0x000001359297100d
new  187 new  [0x000001359298a800, 0x000001359298aa08]  520 bytes
[MachCode]
  0x000001359298a800: 4883 ec08 | c5fa 1104 | 24eb 1f48 | 83ec 10c5 | fb11 0424 | eb14 4883 | ec10 4889 | 0424 48c7 
  0x000001359298a820: 4424 0800 | 0000 00eb | 0150 410f | b755 010f | cac1 ea10 | 488b 4de8 | 488b 4908 | 488b 4908 
  0x000001359298a840: 488b 4108 | 807c 1004 | 070f 85d3 | 0000 0066 | 8b54 d148 | 488b 4928 | 488b 4cd1 | 0851 80b9 
  0x000001359298a860: 4101 0000 | 040f 85b6 | 0000 008b | 5108 f6c2 | 010f 85aa | 0000 0049 | 8b87 b801 | 0000 488d 
  0x000001359298a880: 1c10 493b | 9fc8 0100 | 000f 8792 | 0000 0049 | 899f b801 | 0000 4883 | ea10 0f84 | 0f00 0000 
  0x000001359298a8a0: 33c9 c1ea | 0348 894c | d008 48ff | ca75 f648 | c700 0100 | 0000 5933 | f689 700c | 49ba 0000 
  0x000001359298a8c0: 00a2 3501 | 0000 492b | ca89 4808 | 49ba f75d | 1661 fd7f | 0000 4180 | 3a00 0f84 | 3c00 0000 
  0x000001359298a8e0: 5048 8bc8 | 4883 ec20 | 40f6 c40f | 0f84 1900 | 0000 4883 | ec08 48b8 | 90d2 bf60 | fd7f 0000 
  0x000001359298a900: ffd0 4883 | c408 e90c | 0000 0048 | b890 d2bf | 60fd 7f00 | 00ff d048 | 83c4 2058 | e9cb 0000 
  0x000001359298a920: 0059 488b | 55e8 488b | 5208 488b | 5208 450f | b745 0141 | 0fc8 41c1 | e810 e805 | 0000 00e9 
  0x000001359298a940: a800 0000 | 488d 4424 | 084c 896d | c049 8bcf | c5f8 7749 | 89af a803 | 0000 4989 | 8798 0300 
  0x000001359298a960: 0048 83ec | 2040 f6c4 | 0f0f 8419 | 0000 0048 | 83ec 0848 | b8b0 3889 | 60fd 7f00 | 00ff d048 
  0x000001359298a980: 83c4 08e9 | 0c00 0000 | 48b8 b038 | 8960 fd7f | 0000 ffd0 | 4883 c420 | 49c7 8798 | 0300 0000 
  0x000001359298a9a0: 0000 0049 | c787 a803 | 0000 0000 | 0000 49c7 | 87a0 0300 | 0000 0000 | 00c5 f877 | 4983 7f08 
  0x000001359298a9c0: 000f 8405 | 0000 00e9 | 3465 feff | 498b 87f0 | 0300 0049 | c787 f003 | 0000 0000 | 0000 4c8b 
  0x000001359298a9e0: 6dc0 4c8b | 75c8 4e8d | 74f5 00c3 | 410f b65d | 0349 83c5 | 0349 bac0 | 2819 61fd | 7f00 0041 
  0x000001359298aa00: ff24 da0f | 1f44 0000 
[/MachCode]

---------------  P R O C E S S  ---------------

Threads class SMR info:
_java_thread_list=0x00000135e73fe190, length=14, elements={
0x000001358519d810, 0x00000135a1d58e80, 0x00000135a1d59d90, 0x00000135a1d5e5e0,
0x00000135a1d60c50, 0x00000135a1d61820, 0x00000135a1d62100, 0x00000135a1d63910,
0x00000135a1d694d0, 0x00000135e7133d70, 0x00000135e713c9b0, 0x00000135e77d35b0,
0x00000135e782d690, 0x00000135e79bdf50
}

Java Threads: ( => current thread )
  0x000001358519d810 JavaThread "main"                              [_thread_blocked, id=20524, stack(0x0000000e8bc00000,0x0000000e8bd00000) (1024K)]
  0x00000135a1d58e80 JavaThread "Reference Handler"          daemon [_thread_blocked, id=9140, stack(0x0000000e8c400000,0x0000000e8c500000) (1024K)]
  0x00000135a1d59d90 JavaThread "Finalizer"                  daemon [_thread_blocked, id=19712, stack(0x0000000e8c500000,0x0000000e8c600000) (1024K)]
  0x00000135a1d5e5e0 JavaThread "Signal Dispatcher"          daemon [_thread_blocked, id=13520, stack(0x0000000e8c600000,0x0000000e8c700000) (1024K)]
  0x00000135a1d60c50 JavaThread "Attach Listener"            daemon [_thread_blocked, id=3656, stack(0x0000000e8c700000,0x0000000e8c800000) (1024K)]
  0x00000135a1d61820 JavaThread "Service Thread"             daemon [_thread_blocked, id=5212, stack(0x0000000e8c800000,0x0000000e8c900000) (1024K)]
  0x00000135a1d62100 JavaThread "Monitor Deflation Thread"   daemon [_thread_blocked, id=9556, stack(0x0000000e8c900000,0x0000000e8ca00000) (1024K)]
  0x00000135a1d63910 JavaThread "C2 CompilerThread0"         daemon [_thread_in_native, id=2120, stack(0x0000000e8ca00000,0x0000000e8cb00000) (1024K)]
  0x00000135a1d694d0 JavaThread "C1 CompilerThread0"         daemon [_thread_blocked, id=15736, stack(0x0000000e8cb00000,0x0000000e8cc00000) (1024K)]
  0x00000135e7133d70 JavaThread "Notification Thread"        daemon [_thread_blocked, id=13264, stack(0x0000000e8cc00000,0x0000000e8cd00000) (1024K)]
  0x00000135e713c9b0 JavaThread "Common-Cleaner"             daemon [_thread_blocked, id=18396, stack(0x0000000e8cd00000,0x0000000e8ce00000) (1024K)]
  0x00000135e77d35b0 JavaThread "HttpClient-1-SelectorManager" daemon [_thread_in_native, id=21972, stack(0x0000000e8ce00000,0x0000000e8cf00000) (1024K)]
=>0x00000135e782d690 JavaThread "HttpClient-1-Worker-0"      daemon [_thread_in_vm, id=20852, stack(0x0000000e8d000000,0x0000000e8d100000) (1024K)]
  0x00000135e79bdf50 JavaThread "HttpClient-1-Worker-1"      daemon [_thread_blocked, id=23468, stack(0x0000000e8d100000,0x0000000e8d200000) (1024K)]
Total: 14

Other Threads:
  0x00000135a1d3a0b0 VMThread "VM Thread"                           [id=22796, stack(0x0000000e8c300000,0x0000000e8c400000) (1024K)]
  0x00000135a1d29bb0 WatcherThread "VM Periodic Task Thread"        [id=5020, stack(0x0000000e8c200000,0x0000000e8c300000) (1024K)]
  0x0000013587504f10 WorkerThread "GC Thread#0"                     [id=12464, stack(0x0000000e8bd00000,0x0000000e8be00000) (1024K)]
  0x0000013587515e30 ConcurrentGCThread "G1 Main Marker"            [id=12972, stack(0x0000000e8be00000,0x0000000e8bf00000) (1024K)]
  0x0000013587516ae0 WorkerThread "G1 Conc#0"                       [id=20364, stack(0x0000000e8bf00000,0x0000000e8c000000) (1024K)]
  0x00000135a1bea040 ConcurrentGCThread "G1 Refine#0"               [id=23324, stack(0x0000000e8c000000,0x0000000e8c100000) (1024K)]
  0x00000135a1bec870 ConcurrentGCThread "G1 Service"                [id=3896, stack(0x0000000e8c100000,0x0000000e8c200000) (1024K)]
Total: 7

Threads with active compile tasks:
C2 CompilerThread0  489 1062       4       sun.security.ec.point.ProjectivePoint$Mutable::conditionalSet (53 bytes)
Total: 1

VM state: not at safepoint (normal execution)

VM Mutex/Monitor currently owned by a thread:  ([mutex/lock_event])
[0x00007ffd6117c830] Metaspace_lock - owner thread: 0x00000135e782d690

Heap address: 0x0000000700c00000, size: 4084 MB, Compressed Oops mode: Zero based, Oop shift amount: 3

CDS archive(s) mapped at: [0x00000135a2000000-0x00000135a2d00000-0x00000135a2d00000), size 13631488, SharedBaseAddress: 0x00000135a2000000, ArchiveRelocationMode: 1.
Compressed class space mapped at: 0x00000135a3000000-0x00000135e3000000, reserved size: 1073741824
Narrow klass base: 0x00000135a2000000, Narrow klass shift: 0, Narrow klass range: 0x100000000

GC Precious Log:
 CardTable entry size: 512
 Card Set container configuration: InlinePtr #cards 4 size 8 Array Of Cards #cards 16 size 48 Howl #buckets 8 coarsen threshold 3686 Howl Bitmap #cards 512 size 80 coarsen threshold 460 Card regions per heap region 1 cards per card region 4096
 CPUs: 6 total, 6 available
 Memory: 16328M
 Large Page Support: Disabled
 NUMA Support: Disabled
 Compressed Oops: Enabled (Zero based)
 Heap Region Size: 2M
 Heap Min Capacity: 8M
 Heap Initial Capacity: 256M
 Heap Max Capacity: 4084M
 Pre-touch: Disabled
 Parallel Workers: 6
 Concurrent Workers: 2
 Concurrent Refinement Workers: 6
 Periodic GC: Disabled

Heap:
 garbage-first heap   total 262144K, used 14336K [0x0000000700c00000, 0x0000000800000000)
  region size 2048K, 8 young (16384K), 0 survivors (0K)
 Metaspace       used 8109K, committed 8384K, reserved 1114112K
  class space    used 933K, committed 1088K, reserved 1048576K

Heap Regions: E=young(eden), S=young(survivor), O=old, HS=humongous(starts), HC=humongous(continues), CS=collection set, F=free, TAMS=top-at-mark-start, PB=parsable bottom
|   0|0x0000000700c00000, 0x0000000700c00000, 0x0000000700e00000|  0%| F|  |TAMS 0x0000000700c00000| PB 0x0000000700c00000| Untracked 
|   1|0x0000000700e00000, 0x0000000700e00000, 0x0000000701000000|  0%| F|  |TAMS 0x0000000700e00000| PB 0x0000000700e00000| Untracked 
|   2|0x0000000701000000, 0x0000000701000000, 0x0000000701200000|  0%| F|  |TAMS 0x0000000701000000| PB 0x0000000701000000| Untracked 
|   3|0x0000000701200000, 0x0000000701200000, 0x0000000701400000|  0%| F|  |TAMS 0x0000000701200000| PB 0x0000000701200000| Untracked 
|   4|0x0000000701400000, 0x0000000701400000, 0x0000000701600000|  0%| F|  |TAMS 0x0000000701400000| PB 0x0000000701400000| Untracked 
|   5|0x0000000701600000, 0x0000000701600000, 0x0000000701800000|  0%| F|  |TAMS 0x0000000701600000| PB 0x0000000701600000| Untracked 
|   6|0x0000000701800000, 0x0000000701800000, 0x0000000701a00000|  0%| F|  |TAMS 0x0000000701800000| PB 0x0000000701800000| Untracked 
|   7|0x0000000701a00000, 0x0000000701a00000, 0x0000000701c00000|  0%| F|  |TAMS 0x0000000701a00000| PB 0x0000000701a00000| Untracked 
|   8|0x0000000701c00000, 0x0000000701c00000, 0x0000000701e00000|  0%| F|  |TAMS 0x0000000701c00000| PB 0x0000000701c00000| Untracked 
|   9|0x0000000701e00000, 0x0000000701e00000, 0x0000000702000000|  0%| F|  |TAMS 0x0000000701e00000| PB 0x0000000701e00000| Untracked 
|  10|0x0000000702000000, 0x0000000702000000, 0x0000000702200000|  0%| F|  |TAMS 0x0000000702000000| PB 0x0000000702000000| Untracked 
|  11|0x0000000702200000, 0x0000000702200000, 0x0000000702400000|  0%| F|  |TAMS 0x0000000702200000| PB 0x0000000702200000| Untracked 
|  12|0x0000000702400000, 0x0000000702400000, 0x0000000702600000|  0%| F|  |TAMS 0x0000000702400000| PB 0x0000000702400000| Untracked 
|  13|0x0000000702600000, 0x0000000702600000, 0x0000000702800000|  0%| F|  |TAMS 0x0000000702600000| PB 0x0000000702600000| Untracked 
|  14|0x0000000702800000, 0x0000000702800000, 0x0000000702a00000|  0%| F|  |TAMS 0x0000000702800000| PB 0x0000000702800000| Untracked 
|  15|0x0000000702a00000, 0x0000000702a00000, 0x0000000702c00000|  0%| F|  |TAMS 0x0000000702a00000| PB 0x0000000702a00000| Untracked 
|  16|0x0000000702c00000, 0x0000000702c00000, 0x0000000702e00000|  0%| F|  |TAMS 0x0000000702c00000| PB 0x0000000702c00000| Untracked 
|  17|0x0000000702e00000, 0x0000000702e00000, 0x0000000703000000|  0%| F|  |TAMS 0x0000000702e00000| PB 0x0000000702e00000| Untracked 
|  18|0x0000000703000000, 0x0000000703000000, 0x0000000703200000|  0%| F|  |TAMS 0x0000000703000000| PB 0x0000000703000000| Untracked 
|  19|0x0000000703200000, 0x0000000703200000, 0x0000000703400000|  0%| F|  |TAMS 0x0000000703200000| PB 0x0000000703200000| Untracked 
|  20|0x0000000703400000, 0x0000000703400000, 0x0000000703600000|  0%| F|  |TAMS 0x0000000703400000| PB 0x0000000703400000| Untracked 
|  21|0x0000000703600000, 0x0000000703600000, 0x0000000703800000|  0%| F|  |TAMS 0x0000000703600000| PB 0x0000000703600000| Untracked 
|  22|0x0000000703800000, 0x0000000703800000, 0x0000000703a00000|  0%| F|  |TAMS 0x0000000703800000| PB 0x0000000703800000| Untracked 
|  23|0x0000000703a00000, 0x0000000703a00000, 0x0000000703c00000|  0%| F|  |TAMS 0x0000000703a00000| PB 0x0000000703a00000| Untracked 
|  24|0x0000000703c00000, 0x0000000703c00000, 0x0000000703e00000|  0%| F|  |TAMS 0x0000000703c00000| PB 0x0000000703c00000| Untracked 
|  25|0x0000000703e00000, 0x0000000703e00000, 0x0000000704000000|  0%| F|  |TAMS 0x0000000703e00000| PB 0x0000000703e00000| Untracked 
|  26|0x0000000704000000, 0x0000000704000000, 0x0000000704200000|  0%| F|  |TAMS 0x0000000704000000| PB 0x0000000704000000| Untracked 
|  27|0x0000000704200000, 0x0000000704200000, 0x0000000704400000|  0%| F|  |TAMS 0x0000000704200000| PB 0x0000000704200000| Untracked 
|  28|0x0000000704400000, 0x0000000704400000, 0x0000000704600000|  0%| F|  |TAMS 0x0000000704400000| PB 0x0000000704400000| Untracked 
|  29|0x0000000704600000, 0x0000000704600000, 0x0000000704800000|  0%| F|  |TAMS 0x0000000704600000| PB 0x0000000704600000| Untracked 
|  30|0x0000000704800000, 0x0000000704800000, 0x0000000704a00000|  0%| F|  |TAMS 0x0000000704800000| PB 0x0000000704800000| Untracked 
|  31|0x0000000704a00000, 0x0000000704a00000, 0x0000000704c00000|  0%| F|  |TAMS 0x0000000704a00000| PB 0x0000000704a00000| Untracked 
|  32|0x0000000704c00000, 0x0000000704c00000, 0x0000000704e00000|  0%| F|  |TAMS 0x0000000704c00000| PB 0x0000000704c00000| Untracked 
|  33|0x0000000704e00000, 0x0000000704e00000, 0x0000000705000000|  0%| F|  |TAMS 0x0000000704e00000| PB 0x0000000704e00000| Untracked 
|  34|0x0000000705000000, 0x0000000705000000, 0x0000000705200000|  0%| F|  |TAMS 0x0000000705000000| PB 0x0000000705000000| Untracked 
|  35|0x0000000705200000, 0x0000000705200000, 0x0000000705400000|  0%| F|  |TAMS 0x0000000705200000| PB 0x0000000705200000| Untracked 
|  36|0x0000000705400000, 0x0000000705400000, 0x0000000705600000|  0%| F|  |TAMS 0x0000000705400000| PB 0x0000000705400000| Untracked 
|  37|0x0000000705600000, 0x0000000705600000, 0x0000000705800000|  0%| F|  |TAMS 0x0000000705600000| PB 0x0000000705600000| Untracked 
|  38|0x0000000705800000, 0x0000000705800000, 0x0000000705a00000|  0%| F|  |TAMS 0x0000000705800000| PB 0x0000000705800000| Untracked 
|  39|0x0000000705a00000, 0x0000000705a00000, 0x0000000705c00000|  0%| F|  |TAMS 0x0000000705a00000| PB 0x0000000705a00000| Untracked 
|  40|0x0000000705c00000, 0x0000000705c00000, 0x0000000705e00000|  0%| F|  |TAMS 0x0000000705c00000| PB 0x0000000705c00000| Untracked 
|  41|0x0000000705e00000, 0x0000000705e00000, 0x0000000706000000|  0%| F|  |TAMS 0x0000000705e00000| PB 0x0000000705e00000| Untracked 
|  42|0x0000000706000000, 0x0000000706000000, 0x0000000706200000|  0%| F|  |TAMS 0x0000000706000000| PB 0x0000000706000000| Untracked 
|  43|0x0000000706200000, 0x0000000706200000, 0x0000000706400000|  0%| F|  |TAMS 0x0000000706200000| PB 0x0000000706200000| Untracked 
|  44|0x0000000706400000, 0x0000000706400000, 0x0000000706600000|  0%| F|  |TAMS 0x0000000706400000| PB 0x0000000706400000| Untracked 
|  45|0x0000000706600000, 0x0000000706600000, 0x0000000706800000|  0%| F|  |TAMS 0x0000000706600000| PB 0x0000000706600000| Untracked 
|  46|0x0000000706800000, 0x0000000706800000, 0x0000000706a00000|  0%| F|  |TAMS 0x0000000706800000| PB 0x0000000706800000| Untracked 
|  47|0x0000000706a00000, 0x0000000706a00000, 0x0000000706c00000|  0%| F|  |TAMS 0x0000000706a00000| PB 0x0000000706a00000| Untracked 
|  48|0x0000000706c00000, 0x0000000706c00000, 0x0000000706e00000|  0%| F|  |TAMS 0x0000000706c00000| PB 0x0000000706c00000| Untracked 
|  49|0x0000000706e00000, 0x0000000706e00000, 0x0000000707000000|  0%| F|  |TAMS 0x0000000706e00000| PB 0x0000000706e00000| Untracked 
|  50|0x0000000707000000, 0x0000000707000000, 0x0000000707200000|  0%| F|  |TAMS 0x0000000707000000| PB 0x0000000707000000| Untracked 
|  51|0x0000000707200000, 0x0000000707200000, 0x0000000707400000|  0%| F|  |TAMS 0x0000000707200000| PB 0x0000000707200000| Untracked 
|  52|0x0000000707400000, 0x0000000707400000, 0x0000000707600000|  0%| F|  |TAMS 0x0000000707400000| PB 0x0000000707400000| Untracked 
|  53|0x0000000707600000, 0x0000000707600000, 0x0000000707800000|  0%| F|  |TAMS 0x0000000707600000| PB 0x0000000707600000| Untracked 
|  54|0x0000000707800000, 0x0000000707800000, 0x0000000707a00000|  0%| F|  |TAMS 0x0000000707800000| PB 0x0000000707800000| Untracked 
|  55|0x0000000707a00000, 0x0000000707a00000, 0x0000000707c00000|  0%| F|  |TAMS 0x0000000707a00000| PB 0x0000000707a00000| Untracked 
|  56|0x0000000707c00000, 0x0000000707c00000, 0x0000000707e00000|  0%| F|  |TAMS 0x0000000707c00000| PB 0x0000000707c00000| Untracked 
|  57|0x0000000707e00000, 0x0000000707e00000, 0x0000000708000000|  0%| F|  |TAMS 0x0000000707e00000| PB 0x0000000707e00000| Untracked 
|  58|0x0000000708000000, 0x0000000708000000, 0x0000000708200000|  0%| F|  |TAMS 0x0000000708000000| PB 0x0000000708000000| Untracked 
|  59|0x0000000708200000, 0x0000000708200000, 0x0000000708400000|  0%| F|  |TAMS 0x0000000708200000| PB 0x0000000708200000| Untracked 
|  60|0x0000000708400000, 0x0000000708400000, 0x0000000708600000|  0%| F|  |TAMS 0x0000000708400000| PB 0x0000000708400000| Untracked 
|  61|0x0000000708600000, 0x0000000708600000, 0x0000000708800000|  0%| F|  |TAMS 0x0000000708600000| PB 0x0000000708600000| Untracked 
|  62|0x0000000708800000, 0x0000000708800000, 0x0000000708a00000|  0%| F|  |TAMS 0x0000000708800000| PB 0x0000000708800000| Untracked 
|  63|0x0000000708a00000, 0x0000000708a00000, 0x0000000708c00000|  0%| F|  |TAMS 0x0000000708a00000| PB 0x0000000708a00000| Untracked 
|  64|0x0000000708c00000, 0x0000000708c00000, 0x0000000708e00000|  0%| F|  |TAMS 0x0000000708c00000| PB 0x0000000708c00000| Untracked 
|  65|0x0000000708e00000, 0x0000000708e00000, 0x0000000709000000|  0%| F|  |TAMS 0x0000000708e00000| PB 0x0000000708e00000| Untracked 
|  66|0x0000000709000000, 0x0000000709000000, 0x0000000709200000|  0%| F|  |TAMS 0x0000000709000000| PB 0x0000000709000000| Untracked 
|  67|0x0000000709200000, 0x0000000709200000, 0x0000000709400000|  0%| F|  |TAMS 0x0000000709200000| PB 0x0000000709200000| Untracked 
|  68|0x0000000709400000, 0x0000000709400000, 0x0000000709600000|  0%| F|  |TAMS 0x0000000709400000| PB 0x0000000709400000| Untracked 
|  69|0x0000000709600000, 0x0000000709600000, 0x0000000709800000|  0%| F|  |TAMS 0x0000000709600000| PB 0x0000000709600000| Untracked 
|  70|0x0000000709800000, 0x0000000709800000, 0x0000000709a00000|  0%| F|  |TAMS 0x0000000709800000| PB 0x0000000709800000| Untracked 
|  71|0x0000000709a00000, 0x0000000709a00000, 0x0000000709c00000|  0%| F|  |TAMS 0x0000000709a00000| PB 0x0000000709a00000| Untracked 
|  72|0x0000000709c00000, 0x0000000709c00000, 0x0000000709e00000|  0%| F|  |TAMS 0x0000000709c00000| PB 0x0000000709c00000| Untracked 
|  73|0x0000000709e00000, 0x0000000709e00000, 0x000000070a000000|  0%| F|  |TAMS 0x0000000709e00000| PB 0x0000000709e00000| Untracked 
|  74|0x000000070a000000, 0x000000070a000000, 0x000000070a200000|  0%| F|  |TAMS 0x000000070a000000| PB 0x000000070a000000| Untracked 
|  75|0x000000070a200000, 0x000000070a200000, 0x000000070a400000|  0%| F|  |TAMS 0x000000070a200000| PB 0x000000070a200000| Untracked 
|  76|0x000000070a400000, 0x000000070a400000, 0x000000070a600000|  0%| F|  |TAMS 0x000000070a400000| PB 0x000000070a400000| Untracked 
|  77|0x000000070a600000, 0x000000070a600000, 0x000000070a800000|  0%| F|  |TAMS 0x000000070a600000| PB 0x000000070a600000| Untracked 
|  78|0x000000070a800000, 0x000000070a800000, 0x000000070aa00000|  0%| F|  |TAMS 0x000000070a800000| PB 0x000000070a800000| Untracked 
|  79|0x000000070aa00000, 0x000000070aa00000, 0x000000070ac00000|  0%| F|  |TAMS 0x000000070aa00000| PB 0x000000070aa00000| Untracked 
|  80|0x000000070ac00000, 0x000000070ac00000, 0x000000070ae00000|  0%| F|  |TAMS 0x000000070ac00000| PB 0x000000070ac00000| Untracked 
|  81|0x000000070ae00000, 0x000000070ae00000, 0x000000070b000000|  0%| F|  |TAMS 0x000000070ae00000| PB 0x000000070ae00000| Untracked 
|  82|0x000000070b000000, 0x000000070b000000, 0x000000070b200000|  0%| F|  |TAMS 0x000000070b000000| PB 0x000000070b000000| Untracked 
|  83|0x000000070b200000, 0x000000070b200000, 0x000000070b400000|  0%| F|  |TAMS 0x000000070b200000| PB 0x000000070b200000| Untracked 
|  84|0x000000070b400000, 0x000000070b400000, 0x000000070b600000|  0%| F|  |TAMS 0x000000070b400000| PB 0x000000070b400000| Untracked 
|  85|0x000000070b600000, 0x000000070b600000, 0x000000070b800000|  0%| F|  |TAMS 0x000000070b600000| PB 0x000000070b600000| Untracked 
|  86|0x000000070b800000, 0x000000070b800000, 0x000000070ba00000|  0%| F|  |TAMS 0x000000070b800000| PB 0x000000070b800000| Untracked 
|  87|0x000000070ba00000, 0x000000070ba00000, 0x000000070bc00000|  0%| F|  |TAMS 0x000000070ba00000| PB 0x000000070ba00000| Untracked 
|  88|0x000000070bc00000, 0x000000070bc00000, 0x000000070be00000|  0%| F|  |TAMS 0x000000070bc00000| PB 0x000000070bc00000| Untracked 
|  89|0x000000070be00000, 0x000000070be00000, 0x000000070c000000|  0%| F|  |TAMS 0x000000070be00000| PB 0x000000070be00000| Untracked 
|  90|0x000000070c000000, 0x000000070c000000, 0x000000070c200000|  0%| F|  |TAMS 0x000000070c000000| PB 0x000000070c000000| Untracked 
|  91|0x000000070c200000, 0x000000070c200000, 0x000000070c400000|  0%| F|  |TAMS 0x000000070c200000| PB 0x000000070c200000| Untracked 
|  92|0x000000070c400000, 0x000000070c400000, 0x000000070c600000|  0%| F|  |TAMS 0x000000070c400000| PB 0x000000070c400000| Untracked 
|  93|0x000000070c600000, 0x000000070c600000, 0x000000070c800000|  0%| F|  |TAMS 0x000000070c600000| PB 0x000000070c600000| Untracked 
|  94|0x000000070c800000, 0x000000070c800000, 0x000000070ca00000|  0%| F|  |TAMS 0x000000070c800000| PB 0x000000070c800000| Untracked 
|  95|0x000000070ca00000, 0x000000070ca00000, 0x000000070cc00000|  0%| F|  |TAMS 0x000000070ca00000| PB 0x000000070ca00000| Untracked 
|  96|0x000000070cc00000, 0x000000070cc00000, 0x000000070ce00000|  0%| F|  |TAMS 0x000000070cc00000| PB 0x000000070cc00000| Untracked 
|  97|0x000000070ce00000, 0x000000070ce00000, 0x000000070d000000|  0%| F|  |TAMS 0x000000070ce00000| PB 0x000000070ce00000| Untracked 
|  98|0x000000070d000000, 0x000000070d000000, 0x000000070d200000|  0%| F|  |TAMS 0x000000070d000000| PB 0x000000070d000000| Untracked 
|  99|0x000000070d200000, 0x000000070d200000, 0x000000070d400000|  0%| F|  |TAMS 0x000000070d200000| PB 0x000000070d200000| Untracked 
| 100|0x000000070d400000, 0x000000070d400000, 0x000000070d600000|  0%| F|  |TAMS 0x000000070d400000| PB 0x000000070d400000| Untracked 
| 101|0x000000070d600000, 0x000000070d600000, 0x000000070d800000|  0%| F|  |TAMS 0x000000070d600000| PB 0x000000070d600000| Untracked 
| 102|0x000000070d800000, 0x000000070d800000, 0x000000070da00000|  0%| F|  |TAMS 0x000000070d800000| PB 0x000000070d800000| Untracked 
| 103|0x000000070da00000, 0x000000070da00000, 0x000000070dc00000|  0%| F|  |TAMS 0x000000070da00000| PB 0x000000070da00000| Untracked 
| 104|0x000000070dc00000, 0x000000070dc00000, 0x000000070de00000|  0%| F|  |TAMS 0x000000070dc00000| PB 0x000000070dc00000| Untracked 
| 105|0x000000070de00000, 0x000000070de00000, 0x000000070e000000|  0%| F|  |TAMS 0x000000070de00000| PB 0x000000070de00000| Untracked 
| 106|0x000000070e000000, 0x000000070e000000, 0x000000070e200000|  0%| F|  |TAMS 0x000000070e000000| PB 0x000000070e000000| Untracked 
| 107|0x000000070e200000, 0x000000070e200000, 0x000000070e400000|  0%| F|  |TAMS 0x000000070e200000| PB 0x000000070e200000| Untracked 
| 108|0x000000070e400000, 0x000000070e400000, 0x000000070e600000|  0%| F|  |TAMS 0x000000070e400000| PB 0x000000070e400000| Untracked 
| 109|0x000000070e600000, 0x000000070e600000, 0x000000070e800000|  0%| F|  |TAMS 0x000000070e600000| PB 0x000000070e600000| Untracked 
| 110|0x000000070e800000, 0x000000070e800000, 0x000000070ea00000|  0%| F|  |TAMS 0x000000070e800000| PB 0x000000070e800000| Untracked 
| 111|0x000000070ea00000, 0x000000070ea00000, 0x000000070ec00000|  0%| F|  |TAMS 0x000000070ea00000| PB 0x000000070ea00000| Untracked 
| 112|0x000000070ec00000, 0x000000070ec00000, 0x000000070ee00000|  0%| F|  |TAMS 0x000000070ec00000| PB 0x000000070ec00000| Untracked 
| 113|0x000000070ee00000, 0x000000070ee00000, 0x000000070f000000|  0%| F|  |TAMS 0x000000070ee00000| PB 0x000000070ee00000| Untracked 
| 114|0x000000070f000000, 0x000000070f000000, 0x000000070f200000|  0%| F|  |TAMS 0x000000070f000000| PB 0x000000070f000000| Untracked 
| 115|0x000000070f200000, 0x000000070f200000, 0x000000070f400000|  0%| F|  |TAMS 0x000000070f200000| PB 0x000000070f200000| Untracked 
| 116|0x000000070f400000, 0x000000070f400000, 0x000000070f600000|  0%| F|  |TAMS 0x000000070f400000| PB 0x000000070f400000| Untracked 
| 117|0x000000070f600000, 0x000000070f600000, 0x000000070f800000|  0%| F|  |TAMS 0x000000070f600000| PB 0x000000070f600000| Untracked 
| 118|0x000000070f800000, 0x000000070f800000, 0x000000070fa00000|  0%| F|  |TAMS 0x000000070f800000| PB 0x000000070f800000| Untracked 
| 119|0x000000070fa00000, 0x000000070fa00000, 0x000000070fc00000|  0%| F|  |TAMS 0x000000070fa00000| PB 0x000000070fa00000| Untracked 
| 120|0x000000070fc00000, 0x000000070fd35688, 0x000000070fe00000| 60%| E|  |TAMS 0x000000070fc00000| PB 0x000000070fc00000| Complete 
| 121|0x000000070fe00000, 0x0000000710000000, 0x0000000710000000|100%| E|CS|TAMS 0x000000070fe00000| PB 0x000000070fe00000| Complete 
| 122|0x0000000710000000, 0x0000000710200000, 0x0000000710200000|100%| E|CS|TAMS 0x0000000710000000| PB 0x0000000710000000| Complete 
| 123|0x0000000710200000, 0x0000000710400000, 0x0000000710400000|100%| E|CS|TAMS 0x0000000710200000| PB 0x0000000710200000| Complete 
| 124|0x0000000710400000, 0x0000000710600000, 0x0000000710600000|100%| E|CS|TAMS 0x0000000710400000| PB 0x0000000710400000| Complete 
| 125|0x0000000710600000, 0x0000000710800000, 0x0000000710800000|100%| E|CS|TAMS 0x0000000710600000| PB 0x0000000710600000| Complete 
| 126|0x0000000710800000, 0x0000000710a00000, 0x0000000710a00000|100%| E|CS|TAMS 0x0000000710800000| PB 0x0000000710800000| Complete 
| 127|0x0000000710a00000, 0x0000000710c00000, 0x0000000710c00000|100%| E|CS|TAMS 0x0000000710a00000| PB 0x0000000710a00000| Complete 

Card table byte_map: [0x000001359ad50000,0x000001359b550000] _byte_map_base: 0x000001359754a000

Marking Bits: (CMBitMap*) 0x0000013587505610
 Bits: [0x000001359b550000, 0x000001359f520000)

Polling page: 0x0000013585470000

Metaspace:

Usage:
  Non-class:      7.01 MB used.
      Class:    933.85 KB used.
       Both:      7.92 MB used.

Virtual space:
  Non-class space:       64.00 MB reserved,       7.12 MB ( 11%) committed,  1 nodes.
      Class space:        1.00 GB reserved,       1.06 MB ( <1%) committed,  1 nodes.
             Both:        1.06 GB reserved,       8.19 MB ( <1%) committed. 

Chunk freelists:
   Non-Class:  8.40 MB
       Class:  14.98 MB
        Both:  23.39 MB

MaxMetaspaceSize: unlimited
CompressedClassSpaceSize: 1.00 GB
Initial GC threshold: 21.00 MB
Current GC threshold: 21.00 MB
CDS: on
 - commit_granule_bytes: 65536.
 - commit_granule_words: 8192.
 - virtual_space_node_default_size: 8388608.
 - enlarge_chunks_in_place: 1.
 - use_allocation_guard: 0.


Internal statistics:

num_allocs_failed_limit: 0.
num_arena_births: 226.
num_arena_deaths: 0.
num_vsnodes_births: 2.
num_vsnodes_deaths: 0.
num_space_committed: 131.
num_space_uncommitted: 0.
num_chunks_returned_to_freelist: 0.
num_chunks_taken_from_freelist: 370.
num_chunk_merges: 0.
num_chunk_splits: 215.
num_chunks_enlarged: 100.
num_inconsistent_stats: 0.

CodeHeap 'non-profiled nmethods': size=120000Kb used=371Kb max_used=371Kb free=119628Kb
 bounds [0x0000013592f10000, 0x0000013593180000, 0x000001359a440000]
CodeHeap 'profiled nmethods': size=120000Kb used=1678Kb max_used=1678Kb free=118321Kb
 bounds [0x000001358b440000, 0x000001358b6b0000, 0x0000013592970000]
CodeHeap 'non-nmethods': size=5760Kb used=1427Kb max_used=1445Kb free=4332Kb
 bounds [0x0000013592970000, 0x0000013592be0000, 0x0000013592f10000]
 total_blobs=1591 nmethods=1079 adapters=417
 compilation: enabled
              stopped_count=0, restarted_count=0
 full_count=0

Compilation events (20 events):
Event: 0.460 Thread 0x00000135a1d694d0 1069       3       java.nio.Buffer::nextGetIndex (30 bytes)
Event: 0.460 Thread 0x00000135a1d694d0 nmethod 1069 0x000001358b5e0f10 code [0x000001358b5e10c0, 0x000001358b5e1290]
Event: 0.460 Thread 0x00000135a1d694d0 1070       3       java.util.LinkedList$ListItr::hasNext (20 bytes)
Event: 0.460 Thread 0x00000135a1d694d0 nmethod 1070 0x000001358b5e1390 code [0x000001358b5e1540, 0x000001358b5e16b0]
Event: 0.460 Thread 0x00000135a1d694d0 1071       3       java.lang.Enum::hashCode (21 bytes)
Event: 0.460 Thread 0x00000135a1d694d0 nmethod 1071 0x000001358b5e1790 code [0x000001358b5e1940, 0x000001358b5e1ac8]
Event: 0.461 Thread 0x00000135a1d63910 nmethod 1054 0x0000013592f67b90 code [0x0000013592f67d40, 0x0000013592f68058]
Event: 0.461 Thread 0x00000135a1d63910 1066       4       sun.security.ec.ECOperations$PointMultiplier::lookup (84 bytes)
Event: 0.465 Thread 0x00000135a1d694d0 1073       3       java.lang.ref.PhantomReference::<init> (7 bytes)
Event: 0.465 Thread 0x00000135a1d694d0 nmethod 1073 0x000001358b5e1b90 code [0x000001358b5e1d40, 0x000001358b5e2020]
Event: 0.466 Thread 0x00000135a1d694d0 1074       3       sun.invoke.util.VerifyAccess::getClassModifiers (24 bytes)
Event: 0.466 Thread 0x00000135a1d694d0 nmethod 1074 0x000001358b5e2110 code [0x000001358b5e22e0, 0x000001358b5e2518]
Event: 0.466 Thread 0x00000135a1d694d0 1075       3       java.lang.Module::allows (60 bytes)
Event: 0.466 Thread 0x00000135a1d694d0 nmethod 1075 0x000001358b5e2610 code [0x000001358b5e2820, 0x000001358b5e2e28]
Event: 0.466 Thread 0x00000135a1d694d0 1077       3       jdk.internal.org.objectweb.asm.ClassWriter::<init> (7 bytes)
Event: 0.467 Thread 0x00000135a1d694d0 nmethod 1077 0x000001358b5e2f90 code [0x000001358b5e3140, 0x000001358b5e3288]
Event: 0.467 Thread 0x00000135a1d694d0 1078       3       jdk.internal.org.objectweb.asm.ClassWriter::<init> (73 bytes)
Event: 0.467 Thread 0x00000135a1d694d0 nmethod 1078 0x000001358b5e3310 code [0x000001358b5e3500, 0x000001358b5e39a0]
Event: 0.467 Thread 0x00000135a1d694d0 1079       1       java.security.Provider::getName (5 bytes)
Event: 0.467 Thread 0x00000135a1d694d0 nmethod 1079 0x0000013592f68510 code [0x0000013592f686a0, 0x0000013592f68770]

GC Heap History (0 events):
No events

Dll operation events (2 events):
Event: 0.005 Loaded shared library E:\Jetbrains\Rider\jbr\bin\java.dll
Event: 0.025 Loaded shared library E:\Jetbrains\Rider\jbr\bin\zip.dll

Deoptimization events (12 events):
Event: 0.118 Thread 0x000001358519d810 Uncommon trap: trap_request=0xffffff45 fr.pc=0x0000013592f2571c relative=0x000000000000007c
Event: 0.118 Thread 0x000001358519d810 Uncommon trap: reason=unstable_if action=reinterpret pc=0x0000013592f2571c method=java.lang.CharacterDataLatin1.toLowerCase(I)I @ 16 c2
Event: 0.118 Thread 0x000001358519d810 DEOPT PACKING pc=0x0000013592f2571c sp=0x0000000e8bcfabc0
Event: 0.118 Thread 0x000001358519d810 DEOPT UNPACKING pc=0x00000135929c46a2 sp=0x0000000e8bcfab50 mode 2
Event: 0.233 Thread 0x000001358519d810 DEOPT PACKING pc=0x000001358b4574cc sp=0x0000000e8bcfc670
Event: 0.233 Thread 0x000001358519d810 DEOPT UNPACKING pc=0x00000135929c4e42 sp=0x0000000e8bcfba90 mode 0
Event: 0.275 Thread 0x000001358519d810 DEOPT PACKING pc=0x000001358b4551cc sp=0x0000000e8bcf8440
Event: 0.275 Thread 0x000001358519d810 DEOPT UNPACKING pc=0x00000135929c4e42 sp=0x0000000e8bcf78a8 mode 0
Event: 0.393 Thread 0x00000135e782d690 Uncommon trap: trap_request=0xffffffde fr.pc=0x0000013592f5d044 relative=0x0000000000000f44
Event: 0.393 Thread 0x00000135e782d690 Uncommon trap: reason=class_check action=maybe_recompile pc=0x0000013592f5d044 method=java.util.concurrent.ConcurrentHashMap.putVal(Ljava/lang/Object;Ljava/lang/Object;Z)Ljava/lang/Object; @ 159 c2
Event: 0.393 Thread 0x00000135e782d690 DEOPT PACKING pc=0x0000013592f5d044 sp=0x0000000e8d0fda40
Event: 0.393 Thread 0x00000135e782d690 DEOPT UNPACKING pc=0x00000135929c46a2 sp=0x0000000e8d0fd9c0 mode 2

Classes loaded (20 events):
Event: 0.466 Loading class sun/security/ssl/SSLEngineImpl$DelegatedTask done
Event: 0.467 Loading class sun/security/ssl/SSLEngineImpl$DelegatedTask$DelegatedAction
Event: 0.467 Loading class sun/security/ssl/SSLEngineImpl$DelegatedTask$DelegatedAction done
Event: 0.467 Loading class sun/security/ssl/ServerHello$ServerHelloMessage
Event: 0.467 Loading class sun/security/ssl/ServerHello$ServerHelloMessage done
Event: 0.467 Loading class sun/security/ssl/SupportedVersionsExtension$SHSupportedVersionsSpec
Event: 0.467 Loading class sun/security/ssl/SupportedVersionsExtension$SHSupportedVersionsSpec done
Event: 0.467 Loading class sun/security/ssl/HandshakeHash$T13HandshakeHash
Event: 0.467 Loading class sun/security/ssl/HandshakeHash$T13HandshakeHash done
Event: 0.467 Loading class sun/security/ssl/HandshakeHash$CloneableHash
Event: 0.467 Loading class sun/security/ssl/HandshakeHash$CloneableHash done
Event: 0.467 Loading class sun/security/ssl/KeyShareExtension$SHKeyShareSpec
Event: 0.467 Loading class sun/security/ssl/KeyShareExtension$SHKeyShareSpec done
Event: 0.467 Loading class sun/security/ssl/XDHKeyExchange$XDHECredentials
Event: 0.467 Loading class sun/security/ssl/NamedGroupCredentials
Event: 0.467 Loading class sun/security/ssl/NamedGroupCredentials done
Event: 0.467 Loading class sun/security/ssl/XDHKeyExchange$XDHECredentials done
Event: 0.467 Loading class java/security/spec/XECPublicKeySpec
Event: 0.467 Loading class java/security/spec/KeySpec
Event: 0.468 Loading class java/security/spec/KeySpec done

Classes unloaded (0 events):
No events

Classes redefined (0 events):
No events

Internal exceptions (20 events):
Event: 0.224 Thread 0x000001358519d810 Exception <a 'java/lang/NoSuchMethodError'{0x00000007104cfca0}: 'int java.lang.invoke.DirectMethodHandle$Holder.invokeStaticInit(java.lang.Object, long, long)'> (0x00000007104cfca0) 
thrown [s\src\hotspot\share\interpreter\linkResolver.cpp, line 784]
Event: 0.225 Thread 0x000001358519d810 Exception <a 'java/lang/NoSuchMethodError'{0x00000007104d6738}: 'int java.lang.invoke.DirectMethodHandle$Holder.invokeStaticInit(java.lang.Object, float, float)'> (0x00000007104d6738) 
thrown [s\src\hotspot\share\interpreter\linkResolver.cpp, line 784]
Event: 0.225 Thread 0x000001358519d810 Exception <a 'java/lang/NoSuchMethodError'{0x00000007104dd1c8}: 'int java.lang.invoke.DirectMethodHandle$Holder.invokeStaticInit(java.lang.Object, double, double)'> (0x00000007104dd1c8) 
thrown [s\src\hotspot\share\interpreter\linkResolver.cpp, line 784]
Event: 0.226 Thread 0x000001358519d810 Exception <a 'java/lang/NoSuchMethodError'{0x00000007104e1850}: 'int java.lang.invoke.DirectMethodHandle$Holder.invokeStatic(java.lang.Object, long)'> (0x00000007104e1850) 
thrown [s\src\hotspot\share\interpreter\linkResolver.cpp, line 784]
Event: 0.232 Thread 0x000001358519d810 Exception <a 'java/lang/NoSuchMethodError'{0x000000071050b608}: 'java.lang.Object java.lang.invoke.DirectMethodHandle$Holder.invokeSpecial(java.lang.Object, java.lang.Object, int, java.lang.Object, java.lang.Object)'> (0x000000071050b608) 
thrown [s\src\hotspot\share\interpreter\linkResolver.cpp, line 784]
Event: 0.232 Thread 0x000001358519d810 Exception <a 'java/lang/NoSuchMethodError'{0x000000071050ef98}: 'java.lang.Object java.lang.invoke.DelegatingMethodHandle$Holder.delegate(java.lang.Object, int, java.lang.Object, java.lang.Object)'> (0x000000071050ef98) 
thrown [s\src\hotspot\share\interpreter\linkResolver.cpp, line 784]
Event: 0.234 Thread 0x000001358519d810 Exception <a 'java/lang/NoSuchMethodError'{0x000000071051e2b8}: 'int java.lang.invoke.Invokers$Holder.linkToTargetMethod(java.lang.Object, java.lang.Object, java.lang.Object)'> (0x000000071051e2b8) 
thrown [s\src\hotspot\share\interpreter\linkResolver.cpp, line 784]
Event: 0.238 Thread 0x000001358519d810 Exception <a 'java/lang/NoSuchMethodError'{0x0000000710550080}: 'long java.lang.invoke.DirectMethodHandle$Holder.invokeSpecial(java.lang.Object, java.lang.Object)'> (0x0000000710550080) 
thrown [s\src\hotspot\share\interpreter\linkResolver.cpp, line 784]
Event: 0.239 Thread 0x000001358519d810 Exception <a 'java/lang/NoSuchMethodError'{0x0000000710556bb0}: 'int java.lang.invoke.DirectMethodHandle$Holder.invokeStatic(java.lang.Object, java.lang.Object, java.lang.Object, java.lang.Object)'> (0x0000000710556bb0) 
thrown [s\src\hotspot\share\interpreter\linkResolver.cpp, line 784]
Event: 0.240 Thread 0x000001358519d810 Exception <a 'java/lang/NoSuchMethodError'{0x0000000710559fd0}: 'java.lang.Object java.lang.invoke.Invokers$Holder.invokeExact_MT(java.lang.Object, java.lang.Object, java.lang.Object, java.lang.Object, java.lang.Object, java.lang.Object)'> (0x0000000710559fd0) 
thrown [s\src\hotspot\share\interpreter\linkResolver.cpp, line 784]
Event: 0.324 Thread 0x000001358519d810 Exception <a 'java/lang/NoSuchMethodError'{0x00000007103539d8}: 'java.lang.Object java.lang.invoke.DirectMethodHandle$Holder.newInvokeSpecial(java.lang.Object, java.lang.Object, java.lang.Object, java.lang.Object, java.lang.Object)'> (0x00000007103539d8) 
thrown [s\src\hotspot\share\interpreter\linkResolver.cpp, line 784]
Event: 0.353 Thread 0x000001358519d810 Exception <a 'java/lang/NoSuchMethodError'{0x00000007100db340}: 'java.lang.Object java.lang.invoke.DirectMethodHandle$Holder.invokeSpecial(java.lang.Object, java.lang.Object, java.lang.Object, java.lang.Object, int)'> (0x00000007100db340) 
thrown [s\src\hotspot\share\interpreter\linkResolver.cpp, line 784]
Event: 0.353 Thread 0x000001358519d810 Exception <a 'java/lang/NoSuchMethodError'{0x00000007100deca8}: 'java.lang.Object java.lang.invoke.Invokers$Holder.linkToTargetMethod(java.lang.Object, java.lang.Object, int, java.lang.Object)'> (0x00000007100deca8) 
thrown [s\src\hotspot\share\interpreter\linkResolver.cpp, line 784]
Event: 0.359 Thread 0x000001358519d810 Exception <a 'java/lang/NoSuchMethodError'{0x000000071010cd50}: 'void java.lang.invoke.DirectMethodHandle$Holder.invokeSpecial(java.lang.Object, java.lang.Object, java.lang.Object)'> (0x000000071010cd50) 
thrown [s\src\hotspot\share\interpreter\linkResolver.cpp, line 784]
Event: 0.371 Thread 0x00000135e77d35b0 Exception <a 'java/lang/NoSuchMethodError'{0x00000007102f3618}: 'void java.lang.invoke.DirectMethodHandle$Holder.invokeStatic(java.lang.Object, java.lang.Object, int)'> (0x00000007102f3618) 
thrown [s\src\hotspot\share\interpreter\linkResolver.cpp, line 784]
Event: 0.376 Thread 0x00000135e77d35b0 Exception <a 'java/lang/NoSuchMethodError'{0x000000071032d310}: 'void java.lang.invoke.DirectMethodHandle$Holder.invokeStatic(java.lang.Object, java.lang.Object)'> (0x000000071032d310) 
thrown [s\src\hotspot\share\interpreter\linkResolver.cpp, line 784]
Event: 0.377 Thread 0x000001358519d810 Exception <a 'java/lang/NoSuchMethodError'{0x000000071019cef8}: 'void java.lang.invoke.DirectMethodHandle$Holder.invokeSpecial(java.lang.Object, java.lang.Object, java.lang.Object, java.lang.Object, java.lang.Object)'> (0x000000071019cef8) 
thrown [s\src\hotspot\share\interpreter\linkResolver.cpp, line 784]
Event: 0.383 Thread 0x00000135e782d690 Exception <a 'java/lang/NoSuchMethodError'{0x000000070fe24178}: 'void java.lang.invoke.DirectMethodHandle$Holder.invokeInterface(java.lang.Object, java.lang.Object, java.lang.Object)'> (0x000000070fe24178) 
thrown [s\src\hotspot\share\interpreter\linkResolver.cpp, line 784]
Event: 0.389 Thread 0x00000135e782d690 Exception <a 'java/lang/NoSuchMethodError'{0x000000070fe72ae0}: 'void java.lang.invoke.DirectMethodHandle$Holder.invokeVirtual(java.lang.Object, java.lang.Object)'> (0x000000070fe72ae0) 
thrown [s\src\hotspot\share\interpreter\linkResolver.cpp, line 784]
Event: 0.466 Thread 0x00000135e782d690 Exception <a 'java/lang/NoSuchMethodError'{0x000000070fcdfa08}: 'void java.lang.invoke.DirectMethodHandle$Holder.invokeInterface(java.lang.Object, java.lang.Object)'> (0x000000070fcdfa08) 
thrown [s\src\hotspot\share\interpreter\linkResolver.cpp, line 784]

ZGC Phase Switch (0 events):
No events

VM Operations (8 events):
Event: 0.045 Executing VM operation: HandshakeAllThreads (Deoptimize)
Event: 0.045 Executing VM operation: HandshakeAllThreads (Deoptimize) done
Event: 0.050 Executing VM operation: HandshakeAllThreads (Deoptimize)
Event: 0.050 Executing VM operation: HandshakeAllThreads (Deoptimize) done
Event: 0.159 Executing VM operation: HandshakeAllThreads (Deoptimize)
Event: 0.159 Executing VM operation: HandshakeAllThreads (Deoptimize) done
Event: 0.372 Executing VM operation: HandshakeAllThreads (Deoptimize)
Event: 0.373 Executing VM operation: HandshakeAllThreads (Deoptimize) done

Memory protections (0 events):
No events

Nmethod flushes (0 events):
No events

Events (20 events):
Event: 0.017 Thread 0x000001358519d810 Thread added: 0x000001358519d810
Event: 0.027 Thread 0x000001358519d810 Thread added: 0x00000135a1d58e80
Event: 0.027 Thread 0x000001358519d810 Thread added: 0x00000135a1d59d90
Event: 0.027 Thread 0x000001358519d810 Thread added: 0x00000135a1d5e5e0
Event: 0.027 Thread 0x000001358519d810 Thread added: 0x00000135a1d60c50
Event: 0.027 Thread 0x000001358519d810 Thread added: 0x00000135a1d61820
Event: 0.027 Thread 0x000001358519d810 Thread added: 0x00000135a1d62100
Event: 0.027 Thread 0x000001358519d810 Thread added: 0x00000135a1d63910
Event: 0.027 Thread 0x000001358519d810 Thread added: 0x00000135a1d694d0
Event: 0.037 Thread 0x000001358519d810 Thread added: 0x00000135e7133d70
Event: 0.038 Thread 0x000001358519d810 Thread added: 0x00000135e713c9b0
Event: 0.040 Loaded shared library E:\Jetbrains\Rider\jbr\bin\net.dll
Event: 0.041 Loaded shared library E:\Jetbrains\Rider\jbr\bin\nio.dll
Event: 0.043 Loaded shared library E:\Jetbrains\Rider\jbr\bin\zip.dll
Event: 0.078 Loaded shared library E:\Jetbrains\Rider\jbr\bin\jimage.dll
Event: 0.091 Loaded shared library E:\Jetbrains\Rider\jbr\bin\sunmscapi.dll
Event: 0.313 Loaded shared library E:\Jetbrains\Rider\jbr\bin\extnet.dll
Event: 0.320 Thread 0x000001358519d810 Thread added: 0x00000135e77d35b0
Event: 0.375 Thread 0x00000135e77d35b0 Thread added: 0x00000135e782d690
Event: 0.394 Thread 0x00000135e77d35b0 Thread added: 0x00000135e79bdf50


Dynamic libraries:
0x00007ff64ad00000 - 0x00007ff64ad0a000 	E:\Jetbrains\Rider\jbr\bin\java.exe
0x00007ffdf31b0000 - 0x00007ffdf33a8000 	C:\Windows\SYSTEM32\ntdll.dll
0x00007ffdf18d0000 - 0x00007ffdf1992000 	C:\Windows\System32\KERNEL32.DLL
0x00007ffdf0d00000 - 0x00007ffdf0ff6000 	C:\Windows\System32\KERNELBASE.dll
0x00007ffdf10a0000 - 0x00007ffdf11a0000 	C:\Windows\System32\ucrtbase.dll
0x00007ffd9d2f0000 - 0x00007ffd9d308000 	E:\Jetbrains\Rider\jbr\bin\jli.dll
0x00007ffdedd20000 - 0x00007ffdedd3b000 	E:\Jetbrains\Rider\jbr\bin\VCRUNTIME140.dll
0x00007ffdf1c20000 - 0x00007ffdf1dc1000 	C:\Windows\System32\USER32.dll
0x00007ffdf11a0000 - 0x00007ffdf11c2000 	C:\Windows\System32\win32u.dll
0x00007ffde2490000 - 0x00007ffde272b000 	C:\Windows\WinSxS\amd64_microsoft.windows.common-controls_6595b64144ccf1df_6.0.19041.6456_none_60b8a6cb71f64256\COMCTL32.dll
0x00007ffdf19e0000 - 0x00007ffdf1a0b000 	C:\Windows\System32\GDI32.dll
0x00007ffdf2190000 - 0x00007ffdf222e000 	C:\Windows\System32\msvcrt.dll
0x00007ffdf0ae0000 - 0x00007ffdf0bf9000 	C:\Windows\System32\gdi32full.dll
0x00007ffdf1000000 - 0x00007ffdf109d000 	C:\Windows\System32\msvcp_win.dll
0x00007ffdf19b0000 - 0x00007ffdf19df000 	C:\Windows\System32\IMM32.DLL
0x00007ffdedd10000 - 0x00007ffdedd1c000 	E:\Jetbrains\Rider\jbr\bin\vcruntime140_1.dll
0x00007ffd65090000 - 0x00007ffd6511d000 	E:\Jetbrains\Rider\jbr\bin\msvcp140.dll
0x00007ffd604b0000 - 0x00007ffd61271000 	E:\Jetbrains\Rider\jbr\bin\server\jvm.dll
0x00007ffdf22f0000 - 0x00007ffdf23a1000 	C:\Windows\System32\ADVAPI32.dll
0x00007ffdf1dd0000 - 0x00007ffdf1e6f000 	C:\Windows\System32\sechost.dll
0x00007ffdf1ed0000 - 0x00007ffdf1ff0000 	C:\Windows\System32\RPCRT4.dll
0x00007ffdf0ab0000 - 0x00007ffdf0ad7000 	C:\Windows\System32\bcrypt.dll
0x00007ffdf23d0000 - 0x00007ffdf243b000 	C:\Windows\System32\WS2_32.dll
0x00007ffdefdd0000 - 0x00007ffdefe1b000 	C:\Windows\SYSTEM32\POWRPROF.dll
0x00007ffdece10000 - 0x00007ffdece1a000 	C:\Windows\SYSTEM32\VERSION.dll
0x00007ffdeb810000 - 0x00007ffdeb837000 	C:\Windows\SYSTEM32\WINMM.dll
0x00007ffdefc40000 - 0x00007ffdefc52000 	C:\Windows\SYSTEM32\UMPDC.dll
0x00007ffdee6d0000 - 0x00007ffdee6e2000 	C:\Windows\SYSTEM32\kernel.appcore.dll
0x00007ffdedd00000 - 0x00007ffdedd0a000 	E:\Jetbrains\Rider\jbr\bin\jimage.dll
0x00007ffdde660000 - 0x00007ffdde861000 	C:\Windows\SYSTEM32\DBGHELP.DLL
0x00007ffdbbdd0000 - 0x00007ffdbbe04000 	C:\Windows\SYSTEM32\dbgcore.DLL
0x00007ffdf0a20000 - 0x00007ffdf0aa2000 	C:\Windows\System32\bcryptPrimitives.dll
0x00007ffdd1650000 - 0x00007ffdd1670000 	E:\Jetbrains\Rider\jbr\bin\java.dll
0x00007ffdf2980000 - 0x00007ffdf30f0000 	C:\Windows\System32\SHELL32.dll
0x00007ffdee8d0000 - 0x00007ffdef075000 	C:\Windows\SYSTEM32\windows.storage.dll
0x00007ffdf11d0000 - 0x00007ffdf1524000 	C:\Windows\System32\combase.dll
0x00007ffdf0270000 - 0x00007ffdf029b000 	C:\Windows\SYSTEM32\Wldp.dll
0x00007ffdf28b0000 - 0x00007ffdf297d000 	C:\Windows\System32\OLEAUT32.dll
0x00007ffdf2000000 - 0x00007ffdf20ad000 	C:\Windows\System32\SHCORE.dll
0x00007ffdf1a10000 - 0x00007ffdf1a6b000 	C:\Windows\System32\shlwapi.dll
0x00007ffdf0770000 - 0x00007ffdf0794000 	C:\Windows\SYSTEM32\profapi.dll
0x00007ffdcdc70000 - 0x00007ffdcdc88000 	E:\Jetbrains\Rider\jbr\bin\zip.dll
0x00007ffdedcf0000 - 0x00007ffdedd00000 	E:\Jetbrains\Rider\jbr\bin\net.dll
0x00007ffdebb30000 - 0x00007ffdebc3a000 	C:\Windows\SYSTEM32\WINHTTP.dll
0x00007ffdeffd0000 - 0x00007ffdf003a000 	C:\Windows\system32\mswsock.dll
0x00007ffdcdc50000 - 0x00007ffdcdc66000 	E:\Jetbrains\Rider\jbr\bin\nio.dll
0x00007ffdbc8e0000 - 0x00007ffdbc8ee000 	E:\Jetbrains\Rider\jbr\bin\sunmscapi.dll
0x00007ffdf08c0000 - 0x00007ffdf0a1d000 	C:\Windows\System32\CRYPT32.dll
0x00007ffdf02e0000 - 0x00007ffdf0307000 	C:\Windows\SYSTEM32\ncrypt.dll
0x00007ffdf02a0000 - 0x00007ffdf02db000 	C:\Windows\SYSTEM32\NTASN1.dll
0x00007ffdf01c0000 - 0x00007ffdf01d8000 	C:\Windows\SYSTEM32\CRYPTSP.dll
0x00007ffdef880000 - 0x00007ffdef8b8000 	C:\Windows\system32\rsaenh.dll
0x00007ffdf0730000 - 0x00007ffdf075e000 	C:\Windows\SYSTEM32\USERENV.dll
0x00007ffdf01e0000 - 0x00007ffdf01ec000 	C:\Windows\SYSTEM32\CRYPTBASE.dll
0x00007ffdefc60000 - 0x00007ffdefc9b000 	C:\Windows\SYSTEM32\IPHLPAPI.DLL
0x00007ffdf19a0000 - 0x00007ffdf19a8000 	C:\Windows\System32\NSI.dll
0x00007ffdbfb90000 - 0x00007ffdbfb97000 	C:\Windows\system32\wshunix.dll
0x00007ffdb19b0000 - 0x00007ffdb19b9000 	E:\Jetbrains\Rider\jbr\bin\extnet.dll

dbghelp: loaded successfully - version: 4.0.5 - missing functions: none
symbol engine: initialized successfully - sym options: 0x614 - pdb path: .;E:\Jetbrains\Rider\jbr\bin;C:\Windows\SYSTEM32;C:\Windows\WinSxS\amd64_microsoft.windows.common-controls_6595b64144ccf1df_6.0.19041.6456_none_60b8a6cb71f64256;E:\Jetbrains\Rider\jbr\bin\server

VM Arguments:
java_command: git4idea.http.GitAskPassApp Password for 'https://matthew45678@github.com': 
java_class_path (initial): E:/Jetbrains/Rider/plugins/vcs-git/lib/git4idea-rt.jar;E:/Jetbrains/Rider/lib/externalProcess-rt.jar
Launcher Type: SUN_STANDARD

[Global flags]
     intx CICompilerCount                          = 3                                         {product} {ergonomic}
     uint ConcGCThreads                            = 2                                         {product} {ergonomic}
     uint G1ConcRefinementThreads                  = 6                                         {product} {ergonomic}
   size_t G1HeapRegionSize                         = 2097152                                   {product} {ergonomic}
    uintx GCDrainStackTargetSize                   = 64                                        {product} {ergonomic}
   size_t InitialHeapSize                          = 268435456                                 {product} {ergonomic}
   size_t MarkStackSize                            = 4194304                                   {product} {ergonomic}
   size_t MaxHeapSize                              = 4282384384                                {product} {ergonomic}
   size_t MaxNewSize                               = 2569011200                                {product} {ergonomic}
   size_t MinHeapDeltaBytes                        = 2097152                                   {product} {ergonomic}
   size_t MinHeapSize                              = 8388608                                   {product} {ergonomic}
    uintx NonNMethodCodeHeapSize                   = 5832780                                {pd product} {ergonomic}
    uintx NonProfiledCodeHeapSize                  = 122912730                              {pd product} {ergonomic}
    uintx ProfiledCodeHeapSize                     = 122912730                              {pd product} {ergonomic}
    uintx ReservedCodeCacheSize                    = 251658240                              {pd product} {ergonomic}
     bool SegmentedCodeCache                       = true                                      {product} {ergonomic}
   size_t SoftMaxHeapSize                          = 4282384384                             {manageable} {ergonomic}
     bool UseCompressedOops                        = true                           {product lp64_product} {ergonomic}
     bool UseG1GC                                  = true                                      {product} {ergonomic}
     bool UseLargePagesIndividualAllocation        = false                                  {pd product} {ergonomic}

Logging:
Log output configuration:
 #0: stdout all=warning uptime,level,tags foldmultilines=false
 #1: stderr all=off uptime,level,tags foldmultilines=false

Environment Variables:
PATH=C:/Program Files/Git/mingw64/libexec/git-core;C:/Program Files/Git/mingw64/libexec/git-core;C:\Program Files\Git\mingw64\bin;C:\Program Files\Git\usr\bin;C:\Users\mzel2\bin;C:\Program Files (x86)\Common Files\Oracle\Java\java8path;C:\Program Files (x86)\Common Files\Oracle\Java\javapath;C:\Windows\system32;C:\Windows;C:\Windows\System32\Wbem;C:\Windows\System32\WindowsPowerShell\v1.0\;C:\Windows\System32\OpenSSH\;E:\Windows Kits\10\Windows Performance Toolkit\;C:\Program Files\dotnet\;C:\Program Files\NVIDIA Corporation\NVIDIA app\NvDLISR;C:\Program Files (x86)\NVIDIA Corporation\PhysX\Common;C:\Program Files\Git\cmd;C:\Program Files\GitHub CLI\;C:\Program Files\CMake\bin;C:\Program Files\nodejs\;C:\Users\mzel2\.cargo\bin;C:\Users\mzel2\AppData\Local\Programs\Python\Python39\Scripts\;C:\Users\mzel2\AppData\Local\Programs\Python\Python39\;C:\Users\mzel2\AppData\Local\Programs\Python\Python313\Scripts\;C:\Users\mzel2\AppData\Local\Programs\Python\Python313\;C:\Users\mzel2\AppData\Local\Programs\Python\Launcher\;C:\Users\mzel2\AppData\Local\Microsoft\WindowsApps;C:\Users\mzel2\AppData\Local\Programs\Microsoft VS Code\bin;C:\Users\mzel2\.dotnet\tools;C:\Users\mzel2\AppData\Local\JetBrains\Toolbox\scripts;C:\Users\mzel2\AppData\Local\Microsoft\WinGet\Links;C:\Users\mzel2\AppData\Roaming\npm
USERNAME=mzel2
DISPLAY=:0.0
LC_ALL=en_US.UTF-8
TERM=xterm-256color
TMPDIR=C:\Users\mzel2\AppData\Local\Temp
OS=Windows_NT
PROCESSOR_IDENTIFIER=Intel64 Family 6 Model 158 Stepping 13, GenuineIntel
TMP=C:\Users\mzel2\AppData\Local\Temp
TEMP=C:\Users\mzel2\AppData\Local\Temp




Periodic native trim disabled

JNI global refs:
JNI global refs: 19, weak refs: 0

JNI global refs memory usage: 835, weak refs: 833

Process memory usage:
Resident Set Size: 71508K (0% of 16719952K total physical memory with 374888K free physical memory)

OOME stack traces (most recent first):
Classloader memory used:
Loader bootstrap                                                                       : 6495K
Loader jdk.internal.loader.ClassLoaders$PlatformClassLoader                            : 1597K
Loader jdk.internal.loader.ClassLoaders$AppClassLoader                                 : 16400B

---------------  S Y S T E M  ---------------

OS:
 Windows 10 , 64 bit Build 19041 (10.0.19041.5915)
OS uptime: 1 days 22:49 hours

CPU: total 6 (initial active 6) (6 cores per cpu, 1 threads per core) family 6 model 158 stepping 13 microcode 0xb8, cx8, cmov, fxsr, mmx, 3dnowpref, sse, sse2, sse3, ssse3, sse4.1, sse4.2, popcnt, lzcnt, tsc, tscinvbit, avx, avx2, aes, erms, clmul, bmi1, bmi2, rtm, adx, fma, vzeroupper, clflush, clflushopt, rdtscp, f16c
Processor Information for the first 6 processors :
  Max Mhz: 3696, Current Mhz: 3696, Mhz Limit: 3696

Memory: 4k page, system-wide physical 16328M (366M free)
TotalPageFile size 26328M (AvailPageFile size 2M)
current process WorkingSet (physical memory assigned to process): 69M, peak: 70M
current process commit charge ("private bytes"): 349M, peak: 351M

vm_info: OpenJDK 64-Bit Server VM (21.0.6+8-b631.39) for windows-amd64 JRE (21.0.6+8-b631.39), built on 2025-02-04 by "builduser" with MS VC++ 16.10 / 16.11 (VS2019)

END.
